Archive member included to satisfy reference by file (symbol)

C:/ST/STM32CubeIDE_2.1.1/STM32CubeIDE/plugins/com.st.stm32cube.ide.mcu.externaltools.gnu-tools-for-stm32.14.3.rel1.win32_1.0.100.202602081740/tools/bin/../lib/gcc/arm-none-eabi/14.3.1/../../../../arm-none-eabi/lib/thumb/v7e-m+fp/hard\libc_nano.a(libc_a-exit.o)
                              C:/ST/STM32CubeIDE_2.1.1/STM32CubeIDE/plugins/com.st.stm32cube.ide.mcu.externaltools.gnu-tools-for-stm32.14.3.rel1.win32_1.0.100.202602081740/tools/bin/../lib/gcc/arm-none-eabi/14.3.1/../../../../arm-none-eabi/lib/thumb/v7e-m+fp/hard/crt0.o (exit)
C:/ST/STM32CubeIDE_2.1.1/STM32CubeIDE/plugins/com.st.stm32cube.ide.mcu.externaltools.gnu-tools-for-stm32.14.3.rel1.win32_1.0.100.202602081740/tools/bin/../lib/gcc/arm-none-eabi/14.3.1/../../../../arm-none-eabi/lib/thumb/v7e-m+fp/hard\libc_nano.a(libc_a-nano-vfprintf_float.o)
                              (_printf_float)
C:/ST/STM32CubeIDE_2.1.1/STM32CubeIDE/plugins/com.st.stm32cube.ide.mcu.externaltools.gnu-tools-for-stm32.14.3.rel1.win32_1.0.100.202602081740/tools/bin/../lib/gcc/arm-none-eabi/14.3.1/../../../../arm-none-eabi/lib/thumb/v7e-m+fp/hard\libc_nano.a(libc_a-nano-vfprintf_i.o)
                              C:/ST/STM32CubeIDE_2.1.1/STM32CubeIDE/plugins/com.st.stm32cube.ide.mcu.externaltools.gnu-tools-for-stm32.14.3.rel1.win32_1.0.100.202602081740/tools/bin/../lib/gcc/arm-none-eabi/14.3.1/../../../../arm-none-eabi/lib/thumb/v7e-m+fp/hard\libc_nano.a(libc_a-nano-vfprintf_float.o) (_printf_common)
C:/ST/STM32CubeIDE_2.1.1/STM32CubeIDE/plugins/com.st.stm32cube.ide.mcu.externaltools.gnu-tools-for-stm32.14.3.rel1.win32_1.0.100.202602081740/tools/bin/../lib/gcc/arm-none-eabi/14.3.1/../../../../arm-none-eabi/lib/thumb/v7e-m+fp/hard\libc_nano.a(libc_a-findfp.o)
                              ./Middlewares/Third_Party/FreeRTOS/Source/tasks.o (__sf)
C:/ST/STM32CubeIDE_2.1.1/STM32CubeIDE/plugins/com.st.stm32cube.ide.mcu.externaltools.gnu-tools-for-stm32.14.3.rel1.win32_1.0.100.202602081740/tools/bin/../lib/gcc/arm-none-eabi/14.3.1/../../../../arm-none-eabi/lib/thumb/v7e-m+fp/hard\libc_nano.a(libc_a-fwalk.o)
                              C:/ST/STM32CubeIDE_2.1.1/STM32CubeIDE/plugins/com.st.stm32cube.ide.mcu.externaltools.gnu-tools-for-stm32.14.3.rel1.win32_1.0.100.202602081740/tools/bin/../lib/gcc/arm-none-eabi/14.3.1/../../../../arm-none-eabi/lib/thumb/v7e-m+fp/hard\libc_nano.a(libc_a-findfp.o) (_fwalk_sglue)
C:/ST/STM32CubeIDE_2.1.1/STM32CubeIDE/plugins/com.st.stm32cube.ide.mcu.externaltools.gnu-tools-for-stm32.14.3.rel1.win32_1.0.100.202602081740/tools/bin/../lib/gcc/arm-none-eabi/14.3.1/../../../../arm-none-eabi/lib/thumb/v7e-m+fp/hard\libc_nano.a(libc_a-snprintf.o)
                              ./Src/freertos_tasks.o (snprintf)
C:/ST/STM32CubeIDE_2.1.1/STM32CubeIDE/plugins/com.st.stm32cube.ide.mcu.externaltools.gnu-tools-for-stm32.14.3.rel1.win32_1.0.100.202602081740/tools/bin/../lib/gcc/arm-none-eabi/14.3.1/../../../../arm-none-eabi/lib/thumb/v7e-m+fp/hard\libc_nano.a(libc_a-stdio.o)
                              C:/ST/STM32CubeIDE_2.1.1/STM32CubeIDE/plugins/com.st.stm32cube.ide.mcu.externaltools.gnu-tools-for-stm32.14.3.rel1.win32_1.0.100.202602081740/tools/bin/../lib/gcc/arm-none-eabi/14.3.1/../../../../arm-none-eabi/lib/thumb/v7e-m+fp/hard\libc_nano.a(libc_a-findfp.o) (__sread)
C:/ST/STM32CubeIDE_2.1.1/STM32CubeIDE/plugins/com.st.stm32cube.ide.mcu.externaltools.gnu-tools-for-stm32.14.3.rel1.win32_1.0.100.202602081740/tools/bin/../lib/gcc/arm-none-eabi/14.3.1/../../../../arm-none-eabi/lib/thumb/v7e-m+fp/hard\libc_nano.a(libc_a-memset.o)
                              C:/ST/STM32CubeIDE_2.1.1/STM32CubeIDE/plugins/com.st.stm32cube.ide.mcu.externaltools.gnu-tools-for-stm32.14.3.rel1.win32_1.0.100.202602081740/tools/bin/../lib/gcc/arm-none-eabi/14.3.1/../../../../arm-none-eabi/lib/thumb/v7e-m+fp/hard/crt0.o (memset)
C:/ST/STM32CubeIDE_2.1.1/STM32CubeIDE/plugins/com.st.stm32cube.ide.mcu.externaltools.gnu-tools-for-stm32.14.3.rel1.win32_1.0.100.202602081740/tools/bin/../lib/gcc/arm-none-eabi/14.3.1/../../../../arm-none-eabi/lib/thumb/v7e-m+fp/hard\libc_nano.a(libc_a-localeconv.o)
                              C:/ST/STM32CubeIDE_2.1.1/STM32CubeIDE/plugins/com.st.stm32cube.ide.mcu.externaltools.gnu-tools-for-stm32.14.3.rel1.win32_1.0.100.202602081740/tools/bin/../lib/gcc/arm-none-eabi/14.3.1/../../../../arm-none-eabi/lib/thumb/v7e-m+fp/hard\libc_nano.a(libc_a-nano-vfprintf_float.o) (_localeconv_r)
C:/ST/STM32CubeIDE_2.1.1/STM32CubeIDE/plugins/com.st.stm32cube.ide.mcu.externaltools.gnu-tools-for-stm32.14.3.rel1.win32_1.0.100.202602081740/tools/bin/../lib/gcc/arm-none-eabi/14.3.1/../../../../arm-none-eabi/lib/thumb/v7e-m+fp/hard\libc_nano.a(libc_a-closer.o)
[...]
Memory Configuration

Name             Origin             Length             Attributes
RAM              0x20000000         0x00020000         xrw
FLASH            0x08000000         0x00080000         xr
*default*        0x00000000         0xffffffff

Linker script and memory map

LOAD C:/ST/STM32CubeIDE_2.1.1/STM32CubeIDE/plugins/com.st.stm32cube.ide.mcu.externaltools.gnu-tools-for-stm32.14.3.rel1.win32_1.0.100.202602081740/tools/bin/../lib/gcc/arm-none-eabi/14.3.1/thumb/v7e-m+fp/hard/crti.o
LOAD C:/ST/STM32CubeIDE_2.1.1/STM32CubeIDE/plugins/com.st.stm32cube.ide.mcu.externaltools.gnu-tools-for-stm32.14.3.rel1.win32_1.0.100.202602081740/tools/bin/../lib/gcc/arm-none-eabi/14.3.1/thumb/v7e-m+fp/hard/crtbegin.o
LOAD C:/ST/STM32CubeIDE_2.1.1/STM32CubeIDE/plugins/com.st.stm32cube.ide.mcu.externaltools.gnu-tools-for-stm32.14.3.rel1.win32_1.0.100.202602081740/tools/bin/../lib/gcc/arm-none-eabi/14.3.1/../../../../arm-none-eabi/lib/thumb/v7e-m+fp/hard/crt0.o
LOAD ./Drivers/STM32F4xx_HAL_Driver/Src/stm32f4xx_hal.o
LOAD ./Drivers/STM32F4xx_HAL_Driver/Src/stm32f4xx_hal_cortex.o
LOAD ./Drivers/STM32F4xx_HAL_Driver/Src/stm32f4xx_hal_crc.o
LOAD ./Drivers/STM32F4xx_HAL_Driver/Src/stm32f4xx_hal_dma.o
LOAD ./Drivers/STM32F4xx_HAL_Driver/Src/stm32f4xx_hal_dma_ex.o
LOAD ./Drivers/STM32F4xx_HAL_Driver/Src/stm32f4xx_hal_exti.o
LOAD ./Drivers/STM32F4xx_HAL_Driver/Src/stm32f4xx_hal_flash.o
LOAD ./Drivers/STM32F4xx_HAL_Driver/Src/stm32f4xx_hal_flash_ex.o
LOAD ./Drivers/STM32F4xx_HAL_Driver/Src/stm32f4xx_hal_flash_ramfunc.o
LOAD ./Drivers/STM32F4xx_HAL_Driver/Src/stm32f4xx_hal_gpio.o
LOAD ./Drivers/STM32F4xx_HAL_Driver/Src/stm32f4xx_hal_i2c.o
LOAD ./Drivers/STM32F4xx_HAL_Driver/Src/stm32f4xx_hal_i2c_ex.o
LOAD ./Drivers/STM32F4xx_HAL_Driver/Src/stm32f4xx_hal_iwdg.o
LOAD ./Drivers/STM32F4xx_HAL_Driver/Src/stm32f4xx_hal_pwr.o
LOAD ./Drivers/STM32F4xx_HAL_Driver/Src/stm32f4xx_hal_pwr_ex.o
LOAD ./Drivers/STM32F4xx_HAL_Driver/Src/stm32f4xx_hal_rcc.o
LOAD ./Drivers/STM32F4xx_HAL_Driver/Src/stm32f4xx_hal_rcc_ex.o
LOAD ./Drivers/STM32F4xx_HAL_Driver/Src/stm32f4xx_hal_rtc.o
LOAD ./Drivers/STM32F4xx_HAL_Driver/Src/stm32f4xx_hal_rtc_ex.o
LOAD ./Drivers/STM32F4xx_HAL_Driver/Src/stm32f4xx_hal_spi.o
LOAD ./Drivers/STM32F4xx_HAL_Driver/Src/stm32f4xx_hal_tim.o
LOAD ./Drivers/STM32F4xx_HAL_Driver/Src/stm32f4xx_hal_tim_ex.o
LOAD ./Drivers/STM32F4xx_HAL_Driver/Src/stm32f4xx_hal_uart.o
LOAD ./Middlewares/Third_Party/FatFs/src/diskio.o
LOAD ./Middlewares/Third_Party/FatFs/src/ff.o
LOAD ./Middlewares/Third_Party/FatFs/src/ff_gen_drv.o
LOAD ./Middlewares/Third_Party/FatFs/src/option/ccsbcs.o
LOAD ./Middlewares/Third_Party/FatFs/src/option/syscall.o
LOAD ./Middlewares/Third_Party/FreeRTOS/Source/CMSIS_RTOS_V2/cmsis_os2.o
LOAD ./Middlewares/Third_Party/FreeRTOS/Source/croutine.o
LOAD ./Middlewares/Third_Party/FreeRTOS/Source/event_groups.o
LOAD ./Middlewares/Third_Party/FreeRTOS/Source/list.o
LOAD ./Middlewares/Third_Party/FreeRTOS/Source/queue.o
LOAD ./Middlewares/Third_Party/FreeRTOS/Source/stream_buffer.o
LOAD ./Middlewares/Third_Party/FreeRTOS/Source/tasks.o
LOAD ./Middlewares/Third_Party/FreeRTOS/Source/timers.o
LOAD ./Middlewares/Third_Party/FreeRTOS/Source/portable/GCC/ARM_CM4F/port.o
LOAD ./Middlewares/Third_Party/FreeRTOS/Source/portable/MemMang/heap_4.o
LOAD ./Src/Drivers/bme280_driver.o
LOAD ./Src/Drivers/mpu6050_driver.o
LOAD ./Src/bme280.o
LOAD ./Src/fatfs.o
LOAD ./Src/freertos.o
LOAD ./Src/freertos_tasks.o
LOAD ./Src/main.o
LOAD ./Src/stm32f4xx_hal_msp.o
LOAD ./Src/stm32f4xx_hal_timebase_tim.o
LOAD ./Src/stm32f4xx_it.o
LOAD ./Src/syscalls.o
LOAD ./Src/sysmem.o
LOAD ./Src/system_stm32f4xx.o
LOAD ./Src/user_diskio.o
LOAD ./Startup/startup_stm32f411ceux.o
START GROUP
LOAD C:/ST/STM32CubeIDE_2.1.1/STM32CubeIDE/plugins/com.st.stm32cube.ide.mcu.externaltools.gnu-tools-for-stm32.14.3.rel1.win32_1.0.100.202602081740/tools/bin/../lib/gcc/arm-none-eabi/14.3.1/../../../../arm-none-eabi/lib/thumb/v7e-m+fp/hard\libc_nano.a
LOAD C:/ST/STM32CubeIDE_2.1.1/STM32CubeIDE/plugins/com.st.stm32cube.ide.mcu.externaltools.gnu-tools-for-stm32.14.3.rel1.win32_1.0.100.202602081740/tools/bin/../lib/gcc/arm-none-eabi/14.3.1/../../../../arm-none-eabi/lib/thumb/v7e-m+fp/hard\libm.a
END GROUP
START GROUP
LOAD C:/ST/STM32CubeIDE_2.1.1/STM32CubeIDE/plugins/com.st.stm32cube.ide.mcu.externaltools.gnu-tools-for-stm32.14.3.rel1.win32_1.0.100.202602081740/tools/bin/../lib/gcc/arm-none-eabi/14.3.1/thumb/v7e-m+fp/hard\libgcc.a
LOAD C:/ST/STM32CubeIDE_2.1.1/STM32CubeIDE/plugins/com.st.stm32cube.ide.mcu.externaltools.gnu-tools-for-stm32.14.3.rel1.win32_1.0.100.202602081740/tools/bin/../lib/gcc/arm-none-eabi/14.3.1/../../../../arm-none-eabi/lib/thumb/v7e-m+fp/hard\libc_nano.a
END GROUP
START GROUP
LOAD C:/ST/STM32CubeIDE_2.1.1/STM32CubeIDE/plugins/com.st.stm32cube.ide.mcu.externaltools.gnu-tools-for-stm32.14.3.rel1.win32_1.0.100.202602081740/tools/bin/../lib/gcc/arm-none-eabi/14.3.1/thumb/v7e-m+fp/hard\libgcc.a
LOAD C:/ST/STM32CubeIDE_2.1.1/STM32CubeIDE/plugins/com.st.stm32cube.ide.mcu.externaltools.gnu-tools-for-stm32.14.3.rel1.win32_1.0.100.202602081740/tools/bin/../lib/gcc/arm-none-eabi/14.3.1/../../../../arm-none-eabi/lib/thumb/v7e-m+fp/hard\libc_nano.a
LOAD C:/ST/STM32CubeIDE_2.1.1/STM32CubeIDE/plugins/com.st.stm32cube.ide.mcu.externaltools.gnu-tools-for-stm32.14.3.rel1.win32_1.0.100.202602081740/tools/bin/../lib/gcc/arm-none-eabi/14.3.1/../../../../arm-none-eabi/lib/thumb/v7e-m+fp/hard\libnosys.a
END GROUP
START GROUP
LOAD C:/ST/STM32CubeIDE_2.1.1/STM32CubeIDE/plugins/com.st.stm32cube.ide.mcu.externaltools.gnu-tools-for-stm32.14.3.rel1.win32_1.0.100.202602081740/tools/bin/../lib/gcc/arm-none-eabi/14.3.1/thumb/v7e-m+fp/hard\libgcc.a
LOAD C:/ST/STM32CubeIDE_2.1.1/STM32CubeIDE/plugins/com.st.stm32cube.ide.mcu.externaltools.gnu-tools-for-stm32.14.3.rel1.win32_1.0.100.202602081740/tools/bin/../lib/gcc/arm-none-eabi/14.3.1/../../../../arm-none-eabi/lib/thumb/v7e-m+fp/hard\libc_nano.a
LOAD C:/ST/STM32CubeIDE_2.1.1/STM32CubeIDE/plugins/com.st.stm32cube.ide.mcu.externaltools.gnu-tools-for-stm32.14.3.rel1.win32_1.0.100.202602081740/tools/bin/../lib/gcc/arm-none-eabi/14.3.1/../../../../arm-none-eabi/lib/thumb/v7e-m+fp/hard\libnosys.a
END GROUP
LOAD C:/ST/STM32CubeIDE_2.1.1/STM32CubeIDE/plugins/com.st.stm32cube.ide.mcu.externaltools.gnu-tools-for-stm32.14.3.rel1.win32_1.0.100.202602081740/tools/bin/../lib/gcc/arm-none-eabi/14.3.1/thumb/v7e-m+fp/hard/crtend.o
LOAD C:/ST/STM32CubeIDE_2.1.1/STM32CubeIDE/plugins/com.st.stm32cube.ide.mcu.externaltools.gnu-tools-for-stm32.14.3.rel1.win32_1.0.100.202602081740/tools/bin/../lib/gcc/arm-none-eabi/14.3.1/thumb/v7e-m+fp/hard/crtn.o
                0x20020000                        _estack = (ORIGIN (RAM) + LENGTH (RAM))
                0x00000200                        _Min_Heap_Size = 0x200
                0x00000400                        _Min_Stack_Size = 0x400

.isr_vector     0x08000000      0x198
                0x08000000                        . = ALIGN (0x4)
 *(.isr_vector)
 .isr_vector    0x08000000      0x198 ./Startup/startup_stm32f411ceux.o
                0x08000000                g_pfnVectors
                0x08000198                        . = ALIGN (0x4)

.text           0x080001a0    0x10248
                0x080001a0                        . = ALIGN (0x4)
 *(.text)
 .text          0x080001a0       0x40 C:/ST/STM32CubeIDE_2.1.1/STM32CubeIDE/plugins/com.st.stm32cube.ide.mcu.externaltools.gnu-tools-for-stm32.14.3.rel1.win32_1.0.100.202602081740/tools/bin/../lib/gcc/arm-none-eabi/14.3.1/thumb/v7e-m+fp/hard/crtbegin.o
 .text          0x080001e0       0xa0 C:/ST/STM32CubeIDE_2.1.1/STM32CubeIDE/plugins/com.st.stm32cube.ide.mcu.externaltools.gnu-tools-for-stm32.14.3.rel1.win32_1.0.100.202602081740/tools/bin/../lib/gcc/arm-none-eabi/14.3.1/../../../../arm-none-eabi/lib/thumb/v7e-m+fp/hard\libc_nano.a(libc_a-memchr.o)
                0x080001e0                memchr
 .text          0x08000280       0x10 C:/ST/STM32CubeIDE_2.1.1/STM32CubeIDE/plugins/com.st.stm32cube.ide.mcu.externaltools.gnu-tools-for-stm32.14.3.rel1.win32_1.0.100.202602081740/tools/bin/../lib/gcc/arm-none-eabi/14.3.1/../../../../arm-none-eabi/lib/thumb/v7e-m+fp/hard\libc_nano.a(libc_a-strlen.o)
                0x08000280                strlen
 .text          0x08000290      0x378 C:/ST/STM32CubeIDE_2.1.1/STM32CubeIDE/plugins/com.st.stm32cube.ide.mcu.externaltools.gnu-tools-for-stm32.14.3.rel1.win32_1.0.100.202602081740/tools/bin/../lib/gcc/arm-none-eabi/14.3.1/thumb/v7e-m+fp/hard\libgcc.a(_arm_addsubdf3.o)
                0x08000290                __aeabi_drsub
                0x08000298                __aeabi_dsub
                0x08000298                __subdf3
                0x0800029c                __aeabi_dadd
                0x0800029c                __adddf3
                0x08000514                __floatunsidf
                0x08000514                __aeabi_ui2d
                0x08000534                __floatsidf
                0x08000534                __aeabi_i2d
                0x08000558                __aeabi_f2d
                0x08000558                __extendsfdf2
                0x0800059c                __floatundidf
                0x0800059c                __aeabi_ul2d
                0x080005ac                __floatdidf
                0x080005ac                __aeabi_l2d
 .text          0x08000608      0x424 C:/ST/STM32CubeIDE_2.1.1/STM32CubeIDE/plugins/com.st.stm32cube.ide.mcu.externaltools.gnu-tools-for-stm32.14.3.rel1.win32_1.0.100.202602081740/tools/bin/../lib/gcc/arm-none-eabi/14.3.1/thumb/v7e-m+fp/hard\libgcc.a(_arm_muldivdf3.o)
                0x08000608                __aeabi_dmul
                0x08000608                __muldf3
                0x0800085c                __divdf3
                0x0800085c                __aeabi_ddiv
 .text          0x08000a2c      0x110 C:/ST/STM32CubeIDE_2.1.1/STM32CubeIDE/plugins/com.st.stm32cube.ide.mcu.externaltools.gnu-tools-for-stm32.14.3.rel1.win32_1.0.100.202602081740/tools/bin/../lib/gcc/arm-none-eabi/14.3.1/thumb/v7e-m+fp/hard\libgcc.a(_arm_cmpdf2.o)
                0x08000a2c                __gtdf2
                0x08000a2c                __gedf2
                0x08000a34                __ltdf2
                0x08000a34                __ledf2
                0x08000a3c                __nedf2
                0x08000a3c                __eqdf2
                0x08000a3c                __cmpdf2
                0x08000ab8                __aeabi_cdrcmple
                0x08000ac8                __aeabi_cdcmpeq
                0x08000ac8                __aeabi_cdcmple
                0x08000ad8                __aeabi_dcmpeq
                0x08000aec                __aeabi_dcmplt
                0x08000b00                __aeabi_dcmple
                0x08000b14                __aeabi_dcmpge
                0x08000b28                __aeabi_dcmpgt
 .text          0x08000b3c       0x2c C:/ST/STM32CubeIDE_2.1.1/STM32CubeIDE/plugins/com.st.stm32cube.ide.mcu.externaltools.gnu-tools-for-stm32.14.3.rel1.win32_1.0.100.202602081740/tools/bin/../lib/gcc/arm-none-eabi/14.3.1/thumb/v7e-m+fp/hard\libgcc.a(_arm_unorddf2.o)
                0x08000b3c                __unorddf2
                0x08000b3c                __aeabi_dcmpun
 .text          0x08000b68       0x50 C:/ST/STM32CubeIDE_2.1.1/STM32CubeIDE/plugins/com.st.stm32cube.ide.mcu.externaltools.gnu-tools-for-stm32.14.3.rel1.win32_1.0.100.202602081740/tools/bin/../lib/gcc/arm-none-eabi/14.3.1/thumb/v7e-m+fp/hard\libgcc.a(_arm_fixdfsi.o)
                0x08000b68                __aeabi_d2iz
                0x08000b68                __fixdfsi
 .text          0x08000bb8      0x21c C:/ST/STM32CubeIDE_2.1.1/STM32CubeIDE/plugins/com.st.stm32cube.ide.mcu.externaltools.gnu-tools-for-stm32.14.3.rel1.win32_1.0.100.202602081740/tools/bin/../lib/gcc/arm-none-eabi/14.3.1/thumb/v7e-m+fp/hard\libgcc.a(_arm_addsubsf3.o)
                0x08000bb8                __aeabi_frsub
                0x08000bc0                __subsf3
                0x08000bc0                __aeabi_fsub
                0x08000bc4                __aeabi_fadd
                0x08000bc4                __addsf3
                0x08000d24                __aeabi_ui2f
                0x08000d24                __floatunsisf
                0x08000d2c                __aeabi_i2f
                0x08000d2c                __floatsisf
                0x08000d48                __aeabi_ul2f
                0x08000d48                __floatundisf
                0x08000d58                __aeabi_l2f
                0x08000d58                __floatdisf
 .text          0x08000dd4       0xa0 C:/ST/STM32CubeIDE_2.1.1/STM32CubeIDE/plugins/com.st.stm32cube.ide.mcu.externaltools.gnu-tools-for-stm32.14.3.rel1.win32_1.0.100.202602081740/tools/bin/../lib/gcc/arm-none-eabi/14.3.1/thumb/v7e-m+fp/hard\libgcc.a(_aeabi_ldivmod.o)
                0x08000dd4                __aeabi_ldivmod
 .text          0x08000e74       0x30 C:/ST/STM32CubeIDE_2.1.1/STM32CubeIDE/plugins/com.st.stm32cube.ide.mcu.externaltools.gnu-tools-for-stm32.14.3.rel1.win32_1.0.100.202602081740/tools/bin/../lib/gcc/arm-none-eabi/14.3.1/thumb/v7e-m+fp/hard\libgcc.a(_aeabi_uldivmod.o)
                0x08000e74                __aeabi_uldivmod
 .text          0x08000ea4      0x2f8 C:/ST/STM32CubeIDE_2.1.1/STM32CubeIDE/plugins/com.st.stm32cube.ide.mcu.externaltools.gnu-tools-for-stm32.14.3.rel1.win32_1.0.100.202602081740/tools/bin/../lib/gcc/arm-none-eabi/14.3.1/thumb/v7e-m+fp/hard\libgcc.a(_udivmoddi4.o)
                0x08000ea4                __udivmoddi4
 .text          0x0800119c        0x4 C:/ST/STM32CubeIDE_2.1.1/STM32CubeIDE/plugins/com.st.stm32cube.ide.mcu.externaltools.gnu-tools-for-stm32.14.3.rel1.win32_1.0.100.202602081740/tools/bin/../lib/gcc/arm-none-eabi/14.3.1/thumb/v7e-m+fp/hard\libgcc.a(_dvmd_tls.o)
                0x0800119c                __aeabi_idiv0
                0x0800119c                __aeabi_ldiv0
 *(.text*)
 .text.HAL_Init
                0x080011a0       0x44 ./Drivers/STM32F4xx_HAL_Driver/Src/stm32f4xx_hal.o
                0x080011a0                HAL_Init
 .text.HAL_IncTick
                0x080011e4       0x28 ./Drivers/STM32F4xx_HAL_Driver/Src/stm32f4xx_hal.o
                0x080011e4                HAL_IncTick
 .text.HAL_GetTick
                0x0800120c       0x18 ./Drivers/STM32F4xx_HAL_Driver/Src/stm32f4xx_hal.o
                0x0800120c                HAL_GetTick
 .text.HAL_Delay
                0x08001224       0x48 ./Drivers/STM32F4xx_HAL_Driver/Src/stm32f4xx_hal.o
                0x08001224                HAL_Delay
 .text.__NVIC_SetPriorityGrouping
                0x0800126c       0x48 ./Drivers/STM32F4xx_HAL_Driver/Src/stm32f4xx_hal_cortex.o
 .text.__NVIC_GetPriorityGrouping
                0x080012b4       0x1c ./Drivers/STM32F4xx_HAL_Driver/Src/stm32f4xx_hal_cortex.o
 .text.__NVIC_EnableIRQ
                0x080012d0       0x3c ./Drivers/STM32F4xx_HAL_Driver/Src/stm32f4xx_hal_cortex.o
 .text.__NVIC_SetPriority
                0x0800130c       0x54 ./Drivers/STM32F4xx_HAL_Driver/Src/stm32f4xx_hal_cortex.o
 .text.NVIC_EncodePriority
                0x08001360       0x66 ./Drivers/STM32F4xx_HAL_Driver/Src/stm32f4xx_hal_cortex.o
 .text.HAL_NVIC_SetPriorityGrouping
                0x080013c6       0x16 ./Drivers/STM32F4xx_HAL_Driver/Src/stm32f4xx_hal_cortex.o
                0x080013c6                HAL_NVIC_SetPriorityGrouping
 .text.HAL_NVIC_SetPriority
                0x080013dc       0x38 ./Drivers/STM32F4xx_HAL_Driver/Src/stm32f4xx_hal_cortex.o
                0x080013dc                HAL_NVIC_SetPriority
 .text.HAL_NVIC_EnableIRQ
                0x08001414       0x1c ./Drivers/STM32F4xx_HAL_Driver/Src/stm32f4xx_hal_cortex.o
                0x08001414                HAL_NVIC_EnableIRQ
 .text.HAL_CRC_Init
                0x08001430       0x38 ./Drivers/STM32F4xx_HAL_Driver/Src/stm32f4xx_hal_crc.o
                0x08001430                HAL_CRC_Init
 .text.HAL_CRC_Calculate
                0x08001468       0x66 ./Drivers/STM32F4xx_HAL_Driver/Src/stm32f4xx_hal_crc.o
                0x08001468                HAL_CRC_Calculate
 *fill*         0x080014ce        0x2 
 .text.HAL_DMA_Init
                0x080014d0      0x15c ./Drivers/STM32F4xx_HAL_Driver/Src/stm32f4xx_hal_dma.o
                0x080014d0                HAL_DMA_Init
 .text.HAL_DMA_Start_IT
                0x0800162c       0xb0 ./Drivers/STM32F4xx_HAL_Driver/Src/stm32f4xx_hal_dma.o
                0x0800162c                HAL_DMA_Start_IT
 .text.HAL_DMA_IRQHandler
                0x080016dc      0x314 ./Drivers/STM32F4xx_HAL_Driver/Src/stm32f4xx_hal_dma.o
                0x080016dc                HAL_DMA_IRQHandler
 .text.DMA_SetConfig
                0x080019f0       0x5c ./Drivers/STM32F4xx_HAL_Driver/Src/stm32f4xx_hal_dma.o
 .text.DMA_CalcBaseAndBitshift
                0x08001a4c       0x6c ./Drivers/STM32F4xx_HAL_Driver/Src/stm32f4xx_hal_dma.o
 .text.DMA_CheckFifoParam
                0x08001ab8       0xf8 ./Drivers/STM32F4xx_HAL_Driver/Src/stm32f4xx_hal_dma.o
 .text.HAL_GPIO_Init
                0x08001bb0      0x308 ./Drivers/STM32F4xx_HAL_Driver/Src/stm32f4xx_hal_gpio.o
                0x08001bb0                HAL_GPIO_Init
 .text.HAL_GPIO_WritePin
                0x08001eb8       0x32 ./Drivers/STM32F4xx_HAL_Driver/Src/stm32f4xx_hal_gpio.o
                0x08001eb8                HAL_GPIO_WritePin
 .text.HAL_GPIO_TogglePin
                0x08001eea       0x34 ./Drivers/STM32F4xx_HAL_Driver/Src/stm32f4xx_hal_gpio.o
                0x08001eea                HAL_GPIO_TogglePin
 *fill*         0x08001f1e        0x2 
 .text.HAL_I2C_Init
                0x08001f20      0x288 ./Drivers/STM32F4xx_HAL_Driver/Src/stm32f4xx_hal_i2c.o
                0x08001f20                HAL_I2C_Init
 .text.HAL_I2C_Master_Transmit
                0x080021a8      0x1fc ./Drivers/STM32F4xx_HAL_Driver/Src/stm32f4xx_hal_i2c.o
                0x080021a8                HAL_I2C_Master_Transmit
 .text.HAL_I2C_Master_Receive
                0x080023a4      0x464 ./Drivers/STM32F4xx_HAL_Driver/Src/stm32f4xx_hal_i2c.o
                0x080023a4                HAL_I2C_Master_Receive
 .text.I2C_MasterRequestWrite
                0x08002808      0x104 ./Drivers/STM32F4xx_HAL_Driver/Src/stm32f4xx_hal_i2c.o
 .text.I2C_MasterRequestRead
                0x0800290c      0x19c ./Drivers/STM32F4xx_HAL_Driver/Src/stm32f4xx_hal_i2c.o
 .text.I2C_WaitOnFlagUntilTimeout
                0x08002aa8       0xf4 ./Drivers/STM32F4xx_HAL_Driver/Src/stm32f4xx_hal_i2c.o
 .text.I2C_WaitOnMasterAddressFlagUntilTimeout
                0x08002b9c      0x140 ./Drivers/STM32F4xx_HAL_Driver/Src/stm32f4xx_hal_i2c.o
 .text.I2C_WaitOnTXEFlagUntilTimeout
                0x08002cdc       0x90 ./Drivers/STM32F4xx_HAL_Driver/Src/stm32f4xx_hal_i2c.o
 .text.I2C_WaitOnBTFFlagUntilTimeout
                0x08002d6c       0x90 ./Drivers/STM32F4xx_HAL_Driver/Src/stm32f4xx_hal_i2c.o
 .text.I2C_WaitOnRXNEFlagUntilTimeout
                0x08002dfc       0xba ./Drivers/STM32F4xx_HAL_Driver/Src/stm32f4xx_hal_i2c.o
 .text.I2C_IsAcknowledgeFailed
                0x08002eb6       0x5e ./Drivers/STM32F4xx_HAL_Driver/Src/stm32f4xx_hal_i2c.o
 .text.HAL_IWDG_Init
                0x08002f14       0x88 ./Drivers/STM32F4xx_HAL_Driver/Src/stm32f4xx_hal_iwdg.o
                0x08002f14                HAL_IWDG_Init
 .text.HAL_IWDG_Refresh
                0x08002f9c       0x20 ./Drivers/STM32F4xx_HAL_Driver/Src/stm32f4xx_hal_iwdg.o
                0x08002f9c                HAL_IWDG_Refresh
 .text.HAL_RCC_OscConfig
                0x08002fbc      0x4f0 ./Drivers/STM32F4xx_HAL_Driver/Src/stm32f4xx_hal_rcc.o
                0x08002fbc                HAL_RCC_OscConfig
 .text.HAL_RCC_ClockConfig
                0x080034ac      0x1cc ./Drivers/STM32F4xx_HAL_Driver/Src/stm32f4xx_hal_rcc.o
                0x080034ac                HAL_RCC_ClockConfig
 .text.HAL_RCC_GetSysClockFreq
                0x08003678      0x188 ./Drivers/STM32F4xx_HAL_Driver/Src/stm32f4xx_hal_rcc.o
                0x08003678                HAL_RCC_GetSysClockFreq
 .text.HAL_RCC_GetHCLKFreq
                0x08003800       0x18 ./Drivers/STM32F4xx_HAL_Driver/Src/stm32f4xx_hal_rcc.o
                0x08003800                HAL_RCC_GetHCLKFreq
 .text.HAL_RCC_GetPCLK1Freq
                0x08003818       0x28 ./Drivers/STM32F4xx_HAL_Driver/Src/stm32f4xx_hal_rcc.o
                0x08003818                HAL_RCC_GetPCLK1Freq
 .text.HAL_RCC_GetPCLK2Freq
                0x08003840       0x28 ./Drivers/STM32F4xx_HAL_Driver/Src/stm32f4xx_hal_rcc.o
                0x08003840                HAL_RCC_GetPCLK2Freq
 .text.HAL_RCC_GetClockConfig
                0x08003868       0x64 ./Drivers/STM32F4xx_HAL_Driver/Src/stm32f4xx_hal_rcc.o
                0x08003868                HAL_RCC_GetClockConfig
 .text.HAL_RCCEx_PeriphCLKConfig
                0x080038cc      0x1e0 ./Drivers/STM32F4xx_HAL_Driver/Src/stm32f4xx_hal_rcc_ex.o
                0x080038cc                HAL_RCCEx_PeriphCLKConfig
 .text.HAL_RTC_Init
                0x08003aac      0x102 ./Drivers/STM32F4xx_HAL_Driver/Src/stm32f4xx_hal_rtc.o
                0x08003aac                HAL_RTC_Init
 *fill*         0x08003bae        0x2 
 .text.HAL_RTC_WaitForSynchro
                0x08003bb0       0x4c ./Drivers/STM32F4xx_HAL_Driver/Src/stm32f4xx_hal_rtc.o
                0x08003bb0                HAL_RTC_WaitForSynchro
 .text.RTC_EnterInitMode
                0x08003bfc       0x6e ./Drivers/STM32F4xx_HAL_Driver/Src/stm32f4xx_hal_rtc.o
                0x08003bfc                RTC_EnterInitMode
 .text.RTC_ExitInitMode
                0x08003c6a       0x4a ./Drivers/STM32F4xx_HAL_Driver/Src/stm32f4xx_hal_rtc.o
                0x08003c6a                RTC_ExitInitMode
 .text.HAL_SPI_Init
                0x08003cb4      0x112 ./Drivers/STM32F4xx_HAL_Driver/Src/stm32f4xx_hal_spi.o
                0x08003cb4                HAL_SPI_Init
 .text.HAL_TIM_Base_Init
                0x08003dc6       0x9e ./Drivers/STM32F4xx_HAL_Driver/Src/stm32f4xx_hal_tim.o
                0x08003dc6                HAL_TIM_Base_Init
 .text.HAL_TIM_Base_MspInit
                0x08003e64       0x14 ./Drivers/STM32F4xx_HAL_Driver/Src/stm32f4xx_hal_tim.o
                0x08003e64                HAL_TIM_Base_MspInit
 .text.HAL_TIM_Base_Start_IT
                0x08003e78       0xc4 ./Drivers/STM32F4xx_HAL_Driver/Src/stm32f4xx_hal_tim.o
                0x08003e78                HAL_TIM_Base_Start_IT
 .text.HAL_TIM_IRQHandler
                0x08003f3c      0x1e0 ./Drivers/STM32F4xx_HAL_Driver/Src/stm32f4xx_hal_tim.o
                0x08003f3c                HAL_TIM_IRQHandler
 .text.HAL_TIM_OC_DelayElapsedCallback
                0x0800411c       0x14 ./Drivers/STM32F4xx_HAL_Driver/Src/stm32f4xx_hal_tim.o
                0x0800411c                HAL_TIM_OC_DelayElapsedCallback
 .text.HAL_TIM_IC_CaptureCallback
                0x08004130       0x14 ./Drivers/STM32F4xx_HAL_Driver/Src/stm32f4xx_hal_tim.o
                0x08004130                HAL_TIM_IC_CaptureCallback
 .text.HAL_TIM_PWM_PulseFinishedCallback
                0x08004144       0x14 ./Drivers/STM32F4xx_HAL_Driver/Src/stm32f4xx_hal_tim.o
                0x08004144                HAL_TIM_PWM_PulseFinishedCallback
 .text.HAL_TIM_TriggerCallback
                0x08004158       0x14 ./Drivers/STM32F4xx_HAL_Driver/Src/stm32f4xx_hal_tim.o
                0x08004158                HAL_TIM_TriggerCallback
 .text.TIM_Base_SetConfig
                0x0800416c      0x10c ./Drivers/STM32F4xx_HAL_Driver/Src/stm32f4xx_hal_tim.o
                0x0800416c                TIM_Base_SetConfig
 .text.HAL_TIMEx_CommutCallback
                0x08004278       0x14 ./Drivers/STM32F4xx_HAL_Driver/Src/stm32f4xx_hal_tim_ex.o
                0x08004278                HAL_TIMEx_CommutCallback
 .text.HAL_TIMEx_BreakCallback
                0x0800428c       0x14 ./Drivers/STM32F4xx_HAL_Driver/Src/stm32f4xx_hal_tim_ex.o
                0x0800428c                HAL_TIMEx_BreakCallback
 .text.HAL_UART_Init
                0x080042a0       0xa0 ./Drivers/STM32F4xx_HAL_Driver/Src/stm32f4xx_hal_uart.o
                0x080042a0                HAL_UART_Init
 .text.HAL_UART_Transmit_DMA
                0x08004340       0xf8 ./Drivers/STM32F4xx_HAL_Driver/Src/stm32f4xx_hal_uart.o
                0x08004340                HAL_UART_Transmit_DMA
 .text.HAL_UART_TxHalfCpltCallback
                0x08004438       0x14 ./Drivers/STM32F4xx_HAL_Driver/Src/stm32f4xx_hal_uart.o
                0x08004438                HAL_UART_TxHalfCpltCallback
 .text.HAL_UART_ErrorCallback
                0x0800444c       0x14 ./Drivers/STM32F4xx_HAL_Driver/Src/stm32f4xx_hal_uart.o
                0x0800444c                HAL_UART_ErrorCallback
 .text.UART_DMATransmitCplt
                0x08004460       0x9a ./Drivers/STM32F4xx_HAL_Driver/Src/stm32f4xx_hal_uart.o
 .text.UART_DMATxHalfCplt
                0x080044fa       0x1c ./Drivers/STM32F4xx_HAL_Driver/Src/stm32f4xx_hal_uart.o
 .text.UART_DMAError
                0x08004516       0x94 ./Drivers/STM32F4xx_HAL_Driver/Src/stm32f4xx_hal_uart.o
 .text.UART_EndTxTransfer
                0x080045aa       0x50 ./Drivers/STM32F4xx_HAL_Driver/Src/stm32f4xx_hal_uart.o
 .text.UART_EndRxTransfer
                0x080045fa       0xc6 ./Drivers/STM32F4xx_HAL_Driver/Src/stm32f4xx_hal_uart.o
 .text.UART_SetConfig
                0x080046c0      0x4e8 ./Drivers/STM32F4xx_HAL_Driver/Src/stm32f4xx_hal_uart.o
 .text.disk_status
                0x08004ba8       0x34 ./Middlewares/Third_Party/FatFs/src/diskio.o
                0x08004ba8                disk_status
 .text.disk_initialize
                0x08004bdc       0x50 ./Middlewares/Third_Party/FatFs/src/diskio.o
                0x08004bdc                disk_initialize
 .text.disk_read
                0x08004c2c       0x40 ./Middlewares/Third_Party/FatFs/src/diskio.o
                0x08004c2c                disk_read
 .text.disk_write
                0x08004c6c       0x40 ./Middlewares/Third_Party/FatFs/src/diskio.o
                0x08004c6c                disk_write
 .text.disk_ioctl
                0x08004cac       0x3c ./Middlewares/Third_Party/FatFs/src/diskio.o
                0x08004cac                disk_ioctl
 .text.ld_word  0x08004ce8       0x32 ./Middlewares/Third_Party/FatFs/src/ff.o
 .text.ld_dword
                0x08004d1a       0x46 ./Middlewares/Third_Party/FatFs/src/ff.o
 .text.st_word  0x08004d60       0x36 ./Middlewares/Third_Party/FatFs/src/ff.o
 .text.st_dword
                0x08004d96       0x58 ./Middlewares/Third_Party/FatFs/src/ff.o
 .text.mem_cpy  0x08004dee       0x42 ./Middlewares/Third_Party/FatFs/src/ff.o
 .text.mem_set  0x08004e30       0x36 ./Middlewares/Third_Party/FatFs/src/ff.o
 .text.mem_cmp  0x08004e66       0x4e ./Middlewares/Third_Party/FatFs/src/ff.o
 .text.chk_chr  0x08004eb4       0x36 ./Middlewares/Third_Party/FatFs/src/ff.o
 .text.lock_fs  0x08004eea       0x2c ./Middlewares/Third_Party/FatFs/src/ff.o
 .text.unlock_fs
                0x08004f16       0x36 ./Middlewares/Third_Party/FatFs/src/ff.o
 .text.chk_lock
                0x08004f4c       0xb8 ./Middlewares/Third_Party/FatFs/src/ff.o
 .text.enq_lock
                0x08005004       0x44 ./Middlewares/Third_Party/FatFs/src/ff.o
 .text.inc_lock
                0x08005048      0x11c ./Middlewares/Third_Party/FatFs/src/ff.o
 .text.clear_lock
                0x08005164       0x48 ./Middlewares/Third_Party/FatFs/src/ff.o
 .text.sync_window
                0x080051ac       0x88 ./Middlewares/Third_Party/FatFs/src/ff.o
 .text.move_window
                0x08005234       0x5a ./Middlewares/Third_Party/FatFs/src/ff.o
 *fill*         0x0800528e        0x2 
 .text.sync_fs  0x08005290       0xdc ./Middlewares/Third_Party/FatFs/src/ff.o
 .text.clust2sect
                0x0800536c       0x3e ./Middlewares/Third_Party/FatFs/src/ff.o
 .text.get_fat  0x080053aa      0x14e ./Middlewares/Third_Party/FatFs/src/ff.o
 .text.put_fat  0x080054f8      0x1d4 ./Middlewares/Third_Party/FatFs/src/ff.o
 .text.remove_chain
                0x080056cc       0xca ./Middlewares/Third_Party/FatFs/src/ff.o
 .text.create_chain
                0x08005796      0x130 ./Middlewares/Third_Party/FatFs/src/ff.o
 .text.clmt_clust
                0x080058c6       0x68 ./Middlewares/Third_Party/FatFs/src/ff.o
 .text.dir_sdi  0x0800592e       0xf6 ./Middlewares/Third_Party/FatFs/src/ff.o
 .text.dir_next
                0x08005a24      0x18a ./Middlewares/Third_Party/FatFs/src/ff.o
 .text.dir_alloc
                0x08005bae       0x8e ./Middlewares/Third_Party/FatFs/src/ff.o
 .text.ld_clust
                0x08005c3c       0x3e ./Middlewares/Third_Party/FatFs/src/ff.o
 .text.st_clust
                0x08005c7a       0x40 ./Middlewares/Third_Party/FatFs/src/ff.o
 *fill*         0x08005cba        0x2 
 .text.cmp_lfn  0x08005cbc       0xe0 ./Middlewares/Third_Party/FatFs/src/ff.o
 .text.put_lfn  0x08005d9c       0xd0 ./Middlewares/Third_Party/FatFs/src/ff.o
 .text.gen_numname
                0x08005e6c      0x11c ./Middlewares/Third_Party/FatFs/src/ff.o
 .text.sum_sfn  0x08005f88       0x42 ./Middlewares/Third_Party/FatFs/src/ff.o
 .text.dir_find
                0x08005fca      0x180 ./Middlewares/Third_Party/FatFs/src/ff.o
 *fill*         0x0800614a        0x2 
 .text.dir_register
                0x0800614c      0x1f0 ./Middlewares/Third_Party/FatFs/src/ff.o
 .text.create_name
                0x0800633c      0x370 ./Middlewares/Third_Party/FatFs/src/ff.o
 .text.follow_path
                0x080066ac       0xe2 ./Middlewares/Third_Party/FatFs/src/ff.o
 .text.get_ldnumber
                0x0800678e       0x88 ./Middlewares/Third_Party/FatFs/src/ff.o
 *fill*         0x08006816        0x2 
 .text.check_fs
                0x08006818       0xac ./Middlewares/Third_Party/FatFs/src/ff.o
 .text.find_volume
                0x080068c4      0x4a8 ./Middlewares/Third_Party/FatFs/src/ff.o
 .text.validate
                0x08006d6c       0x8e ./Middlewares/Third_Party/FatFs/src/ff.o
 *fill*         0x08006dfa        0x2 
 .text.f_mount  0x08006dfc       0xc8 ./Middlewares/Third_Party/FatFs/src/ff.o
                0x08006dfc                f_mount
 .text.f_open   0x08006ec4      0x3ac ./Middlewares/Third_Party/FatFs/src/ff.o
                0x08006ec4                f_open
 .text.f_write  0x08007270      0x348 ./Middlewares/Third_Party/FatFs/src/ff.o
                0x08007270                f_write
 .text.f_sync   0x080075b8      0x112 ./Middlewares/Third_Party/FatFs/src/ff.o
                0x080075b8                f_sync
 .text.putc_bfd
                0x080076ca       0x7a ./Middlewares/Third_Party/FatFs/src/ff.o
 .text.putc_flush
                0x08007744       0x4a ./Middlewares/Third_Party/FatFs/src/ff.o
 .text.putc_init
                0x0800778e       0x2a ./Middlewares/Third_Party/FatFs/src/ff.o
 .text.f_printf
                0x080077b8      0x43c ./Middlewares/Third_Party/FatFs/src/ff.o
                0x080077b8                f_printf
 .text.FATFS_LinkDriverEx
                0x08007bf4       0x98 ./Middlewares/Third_Party/FatFs/src/ff_gen_drv.o
                0x08007bf4                FATFS_LinkDriverEx
 .text.FATFS_LinkDriver
                0x08007c8c       0x1e ./Middlewares/Third_Party/FatFs/src/ff_gen_drv.o
                0x08007c8c                FATFS_LinkDriver
 *fill*         0x08007caa        0x2 
 .text.ff_convert
                0x08007cac       0x78 ./Middlewares/Third_Party/FatFs/src/option/ccsbcs.o
                0x08007cac                ff_convert
 .text.ff_wtoupper
                0x08007d24      0x114 ./Middlewares/Third_Party/FatFs/src/option/ccsbcs.o
                0x08007d24                ff_wtoupper
 .text.ff_cre_syncobj
                0x08007e38       0x36 ./Middlewares/Third_Party/FatFs/src/option/syscall.o
                0x08007e38                ff_cre_syncobj
 .text.ff_del_syncobj
                0x08007e6e       0x18 ./Middlewares/Third_Party/FatFs/src/option/syscall.o
                0x08007e6e                ff_del_syncobj
 .text.ff_req_grant
                0x08007e86       0x2a ./Middlewares/Third_Party/FatFs/src/option/syscall.o
                0x08007e86                ff_req_grant
 .text.ff_rel_grant
                0x08007eb0       0x16 ./Middlewares/Third_Party/FatFs/src/option/syscall.o
                0x08007eb0                ff_rel_grant
 .text.ff_memalloc
                0x08007ec6       0x18 ./Middlewares/Third_Party/FatFs/src/option/syscall.o
                0x08007ec6                ff_memalloc
 .text.ff_memfree
                0x08007ede       0x16 ./Middlewares/Third_Party/FatFs/src/option/syscall.o
                0x08007ede                ff_memfree
 .text.__NVIC_SetPriority
                0x08007ef4       0x54 ./Middlewares/Third_Party/FreeRTOS/Source/CMSIS_RTOS_V2/cmsis_os2.o
 .text.SysTick_Handler
                0x08007f48       0x20 ./Middlewares/Third_Party/FreeRTOS/Source/CMSIS_RTOS_V2/cmsis_os2.o
                0x08007f48                SysTick_Handler
 .text.SVC_Setup
                0x08007f68       0x12 ./Middlewares/Third_Party/FreeRTOS/Source/CMSIS_RTOS_V2/cmsis_os2.o
 *fill*         0x08007f7a        0x2 
 .text.osKernelInitialize
                0x08007f7c       0x48 ./Middlewares/Third_Party/FreeRTOS/Source/CMSIS_RTOS_V2/cmsis_os2.o
                0x08007f7c                osKernelInitialize
 .text.osKernelStart
                0x08007fc4       0x4c ./Middlewares/Third_Party/FreeRTOS/Source/CMSIS_RTOS_V2/cmsis_os2.o
                0x08007fc4                osKernelStart
 .text.osThreadNew
                0x08008010      0x124 ./Middlewares/Third_Party/FreeRTOS/Source/CMSIS_RTOS_V2/cmsis_os2.o
                0x08008010                osThreadNew
 .text.osDelay  0x08008134       0x36 ./Middlewares/Third_Party/FreeRTOS/Source/CMSIS_RTOS_V2/cmsis_os2.o
                0x08008134                osDelay
 .text.osSemaphoreNew
                0x0800816a      0x112 ./Middlewares/Third_Party/FreeRTOS/Source/CMSIS_RTOS_V2/cmsis_os2.o
                0x0800816a                osSemaphoreNew
 .text.osSemaphoreAcquire
                0x0800827c       0xa4 ./Middlewares/Third_Party/FreeRTOS/Source/CMSIS_RTOS_V2/cmsis_os2.o
                0x0800827c                osSemaphoreAcquire
 .text.osSemaphoreRelease
                0x08008320       0x88 ./Middlewares/Third_Party/FreeRTOS/Source/CMSIS_RTOS_V2/cmsis_os2.o
                0x08008320                osSemaphoreRelease
 .text.osSemaphoreDelete
                0x080083a8       0x48 ./Middlewares/Third_Party/FreeRTOS/Source/CMSIS_RTOS_V2/cmsis_os2.o
                0x080083a8                osSemaphoreDelete
 .text.vApplicationGetIdleTaskMemory
                0x080083f0       0x34 ./Middlewares/Third_Party/FreeRTOS/Source/CMSIS_RTOS_V2/cmsis_os2.o
                0x080083f0                vApplicationGetIdleTaskMemory
 .text.vApplicationGetTimerTaskMemory
                0x08008424       0x34 ./Middlewares/Third_Party/FreeRTOS/Source/CMSIS_RTOS_V2/cmsis_os2.o
                0x08008424                vApplicationGetTimerTaskMemory
 .text.vListInitialise
                0x08008458       0x40 ./Middlewares/Third_Party/FreeRTOS/Source/list.o
                0x08008458                vListInitialise
 .text.vListInitialiseItem
                0x08008498       0x1a ./Middlewares/Third_Party/FreeRTOS/Source/list.o
                0x08008498                vListInitialiseItem
 .text.vListInsertEnd
                0x080084b2       0x48 ./Middlewares/Third_Party/FreeRTOS/Source/list.o
                0x080084b2                vListInsertEnd
 .text.vListInsert
                0x080084fa       0x72 ./Middlewares/Third_Party/FreeRTOS/Source/list.o
                0x080084fa                vListInsert
 .text.uxListRemove
                0x0800856c       0x54 ./Middlewares/Third_Party/FreeRTOS/Source/list.o
                0x0800856c                uxListRemove
 .text.xQueueGenericReset
                0x080085c0       0xd4 ./Middlewares/Third_Party/FreeRTOS/Source/queue.o
                0x080085c0                xQueueGenericReset
 .text.xQueueGenericCreateStatic
                0x08008694       0xfa ./Middlewares/Third_Party/FreeRTOS/Source/queue.o
                0x08008694                xQueueGenericCreateStatic
 .text.xQueueGenericCreate
                0x0800878e       0x76 ./Middlewares/Third_Party/FreeRTOS/Source/queue.o
                0x0800878e                xQueueGenericCreate
 .text.prvInitialiseNewQueue
                0x08008804       0x46 ./Middlewares/Third_Party/FreeRTOS/Source/queue.o
 .text.prvInitialiseMutex
                0x0800884a       0x34 ./Middlewares/Third_Party/FreeRTOS/Source/queue.o
 .text.xQueueCreateMutex
                0x0800887e       0x30 ./Middlewares/Third_Party/FreeRTOS/Source/queue.o
                0x0800887e                xQueueCreateMutex
 .text.xQueueCreateCountingSemaphoreStatic
                0x080088ae       0x72 ./Middlewares/Third_Party/FreeRTOS/Source/queue.o
                0x080088ae                xQueueCreateCountingSemaphoreStatic
 .text.xQueueCreateCountingSemaphore
                0x08008920       0x6a ./Middlewares/Third_Party/FreeRTOS/Source/queue.o
                0x08008920                xQueueCreateCountingSemaphore
 *fill*         0x0800898a        0x2 
 .text.xQueueGenericSend
                0x0800898c      0x204 ./Middlewares/Third_Party/FreeRTOS/Source/queue.o
                0x0800898c                xQueueGenericSend
 .text.xQueueGenericSendFromISR
                0x08008b90      0x13c ./Middlewares/Third_Party/FreeRTOS/Source/queue.o
                0x08008b90                xQueueGenericSendFromISR
 .text.xQueueGiveFromISR
                0x08008ccc      0x120 ./Middlewares/Third_Party/FreeRTOS/Source/queue.o
                0x08008ccc                xQueueGiveFromISR
 .text.xQueueReceive
                0x08008dec      0x1c4 ./Middlewares/Third_Party/FreeRTOS/Source/queue.o
                0x08008dec                xQueueReceive
 .text.xQueueSemaphoreTake
                0x08008fb0      0x220 ./Middlewares/Third_Party/FreeRTOS/Source/queue.o
                0x08008fb0                xQueueSemaphoreTake
 .text.xQueueReceiveFromISR
                0x080091d0      0x104 ./Middlewares/Third_Party/FreeRTOS/Source/queue.o
                0x080091d0                xQueueReceiveFromISR
 .text.vQueueDelete
                0x080092d4       0x48 ./Middlewares/Third_Party/FreeRTOS/Source/queue.o
                0x080092d4                vQueueDelete
 .text.prvGetDisinheritPriorityAfterTimeout
                0x0800931c       0x30 ./Middlewares/Third_Party/FreeRTOS/Source/queue.o
 .text.prvCopyDataToQueue
                0x0800934c       0xd4 ./Middlewares/Third_Party/FreeRTOS/Source/queue.o
 .text.prvCopyDataFromQueue
                0x08009420       0x4c ./Middlewares/Third_Party/FreeRTOS/Source/queue.o
 .text.prvUnlockQueue
                0x0800946c       0xa4 ./Middlewares/Third_Party/FreeRTOS/Source/queue.o
 .text.prvIsQueueEmpty
                0x08009510       0x2c ./Middlewares/Third_Party/FreeRTOS/Source/queue.o
 .text.prvIsQueueFull
                0x0800953c       0x30 ./Middlewares/Third_Party/FreeRTOS/Source/queue.o
 .text.vQueueAddToRegistry
                0x0800956c       0x54 ./Middlewares/Third_Party/FreeRTOS/Source/queue.o
                0x0800956c                vQueueAddToRegistry
 .text.vQueueUnregisterQueue
                0x080095c0       0x54 ./Middlewares/Third_Party/FreeRTOS/Source/queue.o
                0x080095c0                vQueueUnregisterQueue
 .text.vQueueWaitForMessageRestricted
                0x08009614       0x68 ./Middlewares/Third_Party/FreeRTOS/Source/queue.o
                0x08009614                vQueueWaitForMessageRestricted
 .text.xTaskCreateStatic
                0x0800967c       0xc0 ./Middlewares/Third_Party/FreeRTOS/Source/tasks.o
                0x0800967c                xTaskCreateStatic
 .text.xTaskCreate
                0x0800973c       0x8a ./Middlewares/Third_Party/FreeRTOS/Source/tasks.o
                0x0800973c                xTaskCreate
 *fill*         0x080097c6        0x2 
 .text.prvInitialiseNewTask
                0x080097c8      0x150 ./Middlewares/Third_Party/FreeRTOS/Source/tasks.o
 .text.prvAddNewTaskToReadyList
                0x08009918       0xe0 ./Middlewares/Third_Party/FreeRTOS/Source/tasks.o
 .text.vTaskDelayUntil
                0x080099f8      0x100 ./Middlewares/Third_Party/FreeRTOS/Source/tasks.o
                0x080099f8                vTaskDelayUntil
 .text.vTaskDelay
                0x08009af8       0x6c ./Middlewares/Third_Party/FreeRTOS/Source/tasks.o
                0x08009af8                vTaskDelay
 .text.vTaskStartScheduler
                0x08009b64       0xe0 ./Middlewares/Third_Party/FreeRTOS/Source/tasks.o
                0x08009b64                vTaskStartScheduler
 .text.vTaskSuspendAll
                0x08009c44       0x1c ./Middlewares/Third_Party/FreeRTOS/Source/tasks.o
                0x08009c44                vTaskSuspendAll
 .text.xTaskResumeAll
                0x08009c60      0x13c ./Middlewares/Third_Party/FreeRTOS/Source/tasks.o
                0x08009c60                xTaskResumeAll
 .text.xTaskGetTickCount
                0x08009d9c       0x20 ./Middlewares/Third_Party/FreeRTOS/Source/tasks.o
                0x08009d9c                xTaskGetTickCount
 .text.xTaskIncrementTick
                0x08009dbc      0x174 ./Middlewares/Third_Party/FreeRTOS/Source/tasks.o
                0x08009dbc                xTaskIncrementTick
 .text.vTaskSwitchContext
                0x08009f30      0x114 ./Middlewares/Third_Party/FreeRTOS/Source/tasks.o
                0x08009f30                vTaskSwitchContext
 .text.vTaskPlaceOnEventList
                0x0800a044       0x4c ./Middlewares/Third_Party/FreeRTOS/Source/tasks.o
                0x0800a044                vTaskPlaceOnEventList
 .text.vTaskPlaceOnEventListRestricted
                0x0800a090       0x58 ./Middlewares/Third_Party/FreeRTOS/Source/tasks.o
                0x0800a090                vTaskPlaceOnEventListRestricted
 .text.xTaskRemoveFromEventList
                0x0800a0e8       0xc8 ./Middlewares/Third_Party/FreeRTOS/Source/tasks.o
                0x0800a0e8                xTaskRemoveFromEventList
 .text.vTaskInternalSetTimeOutState
                0x0800a1b0       0x2c ./Middlewares/Third_Party/FreeRTOS/Source/tasks.o
                0x0800a1b0                vTaskInternalSetTimeOutState
 .text.xTaskCheckForTimeOut
                0x0800a1dc       0xc8 ./Middlewares/Third_Party/FreeRTOS/Source/tasks.o
                0x0800a1dc                xTaskCheckForTimeOut
 .text.vTaskMissedYield
                0x0800a2a4       0x18 ./Middlewares/Third_Party/FreeRTOS/Source/tasks.o
                0x0800a2a4                vTaskMissedYield
 .text.prvIdleTask
                0x0800a2bc       0x30 ./Middlewares/Third_Party/FreeRTOS/Source/tasks.o
 .text.prvInitialiseTaskLists
                0x0800a2ec       0x80 ./Middlewares/Third_Party/FreeRTOS/Source/tasks.o
 .text.prvCheckTasksWaitingTermination
                0x0800a36c       0x5c ./Middlewares/Third_Party/FreeRTOS/Source/tasks.o
 .text.prvDeleteTCB
                0x0800a3c8       0x6a ./Middlewares/Third_Party/FreeRTOS/Source/tasks.o
 *fill*         0x0800a432        0x2 
 .text.prvResetNextTaskUnblockTime
                0x0800a434       0x40 ./Middlewares/Third_Party/FreeRTOS/Source/tasks.o
 .text.xTaskGetSchedulerState
                0x0800a474       0x3c ./Middlewares/Third_Party/FreeRTOS/Source/tasks.o
                0x0800a474                xTaskGetSchedulerState
 .text.xTaskPriorityInherit
                0x0800a4b0       0xd0 ./Middlewares/Third_Party/FreeRTOS/Source/tasks.o
                0x0800a4b0                xTaskPriorityInherit
 .text.xTaskPriorityDisinherit
                0x0800a580       0xe0 ./Middlewares/Third_Party/FreeRTOS/Source/tasks.o
                0x0800a580                xTaskPriorityDisinherit
 .text.vTaskPriorityDisinheritAfterTimeout
                0x0800a660      0x108 ./Middlewares/Third_Party/FreeRTOS/Source/tasks.o
                0x0800a660                vTaskPriorityDisinheritAfterTimeout
 .text.pvTaskIncrementMutexHeldCount
                0x0800a768       0x28 ./Middlewares/Third_Party/FreeRTOS/Source/tasks.o
                0x0800a768                pvTaskIncrementMutexHeldCount
 .text.ulTaskNotifyTake
                0x0800a790       0x98 ./Middlewares/Third_Party/FreeRTOS/Source/tasks.o
                0x0800a790                ulTaskNotifyTake
 .text.vTaskNotifyGiveFromISR
                0x0800a828      0x12c ./Middlewares/Third_Party/FreeRTOS/Source/tasks.o
                0x0800a828                vTaskNotifyGiveFromISR
 .text.prvAddCurrentTaskToDelayedList
                0x0800a954       0xa8 ./Middlewares/Third_Party/FreeRTOS/Source/tasks.o
 .text.xTimerCreateTimerTask
                0x0800a9fc       0x94 ./Middlewares/Third_Party/FreeRTOS/Source/timers.o
                0x0800a9fc                xTimerCreateTimerTask
 .text.xTimerGenericCommand
                0x0800aa90       0x9c ./Middlewares/Third_Party/FreeRTOS/Source/timers.o
                0x0800aa90                xTimerGenericCommand
 .text.prvProcessExpiredTimer
                0x0800ab2c       0x9c ./Middlewares/Third_Party/FreeRTOS/Source/timers.o
 .text.prvTimerTask
                0x0800abc8       0x26 ./Middlewares/Third_Party/FreeRTOS/Source/timers.o
 *fill*         0x0800abee        0x2 
 .text.prvProcessTimerOrBlockTask
                0x0800abf0       0x9c ./Middlewares/Third_Party/FreeRTOS/Source/timers.o
 .text.prvGetNextExpireTime
                0x0800ac8c       0x48 ./Middlewares/Third_Party/FreeRTOS/Source/timers.o
 .text.prvSampleTimeNow
                0x0800acd4       0x40 ./Middlewares/Third_Party/FreeRTOS/Source/timers.o
 .text.prvInsertTimerInActiveList
                0x0800ad14       0x84 ./Middlewares/Third_Party/FreeRTOS/Source/timers.o
 .text.prvProcessReceivedCommands
                0x0800ad98      0x1cc ./Middlewares/Third_Party/FreeRTOS/Source/timers.o
 .text.prvSwitchTimerLists
                0x0800af64       0xcc ./Middlewares/Third_Party/FreeRTOS/Source/timers.o
 .text.prvCheckForValidListAndQueue
                0x0800b030       0x80 ./Middlewares/Third_Party/FreeRTOS/Source/timers.o
 .text.pxPortInitialiseStack
                0x0800b0b0       0x68 ./Middlewares/Third_Party/FreeRTOS/Source/portable/GCC/ARM_CM4F/port.o
                0x0800b0b0                pxPortInitialiseStack
 .text.prvTaskExitError
                0x0800b118       0x5c ./Middlewares/Third_Party/FreeRTOS/Source/portable/GCC/ARM_CM4F/port.o
 *fill*         0x0800b174        0xc 
 .text.SVC_Handler
                0x0800b180       0x28 ./Middlewares/Third_Party/FreeRTOS/Source/portable/GCC/ARM_CM4F/port.o
                0x0800b180                SVC_Handler
 .text.prvPortStartFirstTask
                0x0800b1a8       0x28 ./Middlewares/Third_Party/FreeRTOS/Source/portable/GCC/ARM_CM4F/port.o
 .text.xPortStartScheduler
                0x0800b1d0      0x148 ./Middlewares/Third_Party/FreeRTOS/Source/portable/GCC/ARM_CM4F/port.o
                0x0800b1d0                xPortStartScheduler
 .text.vPortEnterCritical
                0x0800b318       0x64 ./Middlewares/Third_Party/FreeRTOS/Source/portable/GCC/ARM_CM4F/port.o
                0x0800b318                vPortEnterCritical
 .text.vPortExitCritical
                0x0800b37c       0x54 ./Middlewares/Third_Party/FreeRTOS/Source/portable/GCC/ARM_CM4F/port.o
                0x0800b37c                vPortExitCritical
 .text.PendSV_Handler
                0x0800b3d0       0x68 ./Middlewares/Third_Party/FreeRTOS/Source/portable/GCC/ARM_CM4F/port.o
                0x0800b3d0                PendSV_Handler
 .text.xPortSysTickHandler
                0x0800b438       0x44 ./Middlewares/Third_Party/FreeRTOS/Source/portable/GCC/ARM_CM4F/port.o
                0x0800b438                xPortSysTickHandler
 .text.vPortSetupTimerInterrupt
                0x0800b47c       0x48 ./Middlewares/Third_Party/FreeRTOS/Source/portable/GCC/ARM_CM4F/port.o
                0x0800b47c                vPortSetupTimerInterrupt
 .text.vPortEnableVFP
                0x0800b4c4       0x14 ./Middlewares/Third_Party/FreeRTOS/Source/portable/GCC/ARM_CM4F/port.o
 .text.vPortValidateInterruptPriority
                0x0800b4d8       0x84 ./Middlewares/Third_Party/FreeRTOS/Source/portable/GCC/ARM_CM4F/port.o
                0x0800b4d8                vPortValidateInterruptPriority
 .text.pvPortMalloc
                0x0800b55c      0x19c ./Middlewares/Third_Party/FreeRTOS/Source/portable/MemMang/heap_4.o
                0x0800b55c                pvPortMalloc
 .text.vPortFree
                0x0800b6f8       0xc8 ./Middlewares/Third_Party/FreeRTOS/Source/portable/MemMang/heap_4.o
                0x0800b6f8                vPortFree
 .text.prvHeapInit
                0x0800b7c0       0xc4 ./Middlewares/Third_Party/FreeRTOS/Source/portable/MemMang/heap_4.o
 .text.prvInsertBlockIntoFreeList
                0x0800b884       0xb4 ./Middlewares/Third_Party/FreeRTOS/Source/portable/MemMang/heap_4.o
 .text.bme280_write_reg
                0x0800b938       0x3c ./Src/Drivers/bme280_driver.o
 .text.bme280_read_regs
                0x0800b974       0x44 ./Src/Drivers/bme280_driver.o
 .text.bme280_read_calibration
                0x0800b9b8      0x1c8 ./Src/Drivers/bme280_driver.o
 .text.BME280_Init
                0x0800bb80       0x60 ./Src/Drivers/bme280_driver.o
                0x0800bb80                BME280_Init
 .text.BME280_Read
                0x0800bbe0      0x778 ./Src/Drivers/bme280_driver.o
                0x0800bbe0                BME280_Read
 .text.mpu_write
                0x0800c358       0x3c ./Src/Drivers/mpu6050_driver.o
 .text.mpu_read
                0x0800c394       0x44 ./Src/Drivers/mpu6050_driver.o
 .text.MPU6050_Init
                0x0800c3d8       0x64 ./Src/Drivers/mpu6050_driver.o
                0x0800c3d8                MPU6050_Init
 .text.MPU6050_Read
                0x0800c43c       0x96 ./Src/Drivers/mpu6050_driver.o
                0x0800c43c                MPU6050_Read
 *fill*         0x0800c4d2        0x2 
 .text.MX_FATFS_Init
                0x0800c4d4       0x24 ./Src/fatfs.o
                0x0800c4d4                MX_FATFS_Init
 .text.get_fattime
                0x0800c4f8       0x10 ./Src/fatfs.o
                0x0800c4f8                get_fattime
 .text.vApplicationStackOverflowHook
                0x0800c508       0x16 ./Src/freertos.o
                0x0800c508                vApplicationStackOverflowHook
 *fill*         0x0800c51e        0x2 
 .text.RTOS_CreateAll
                0x0800c520       0xf4 ./Src/freertos_tasks.o
                0x0800c520                RTOS_CreateAll
 .text.SensorTask
                0x0800c614       0xc8 ./Src/freertos_tasks.o
                0x0800c614                SensorTask
 .text.LoggerTask
                0x0800c6dc      0x13c ./Src/freertos_tasks.o
                0x0800c6dc                LoggerTask
 .text.UART_TxDoneCallback
                0x0800c818       0x40 ./Src/freertos_tasks.o
                0x0800c818                UART_TxDoneCallback
 .text.UARTTask
                0x0800c858       0xe0 ./Src/freertos_tasks.o
                0x0800c858                UARTTask
 .text.WatchdogTask
                0x0800c938       0x30 ./Src/freertos_tasks.o
                0x0800c938                WatchdogTask
 .text.DisplayTask
                0x0800c968       0x3c ./Src/freertos_tasks.o
                0x0800c968                DisplayTask
 .text.main     0x0800c9a4       0x74 ./Src/main.o
                0x0800c9a4                main
 .text.SystemClock_Config
                0x0800ca18       0xc0 ./Src/main.o
                0x0800ca18                SystemClock_Config
 .text.MX_CRC_Init
                0x0800cad8       0x28 ./Src/main.o
 .text.MX_I2C1_Init
                0x0800cb00       0x5c ./Src/main.o
 .text.MX_I2C2_Init
                0x0800cb5c       0x5c ./Src/main.o
 .text.MX_IWDG_Init
                0x0800cbb8       0x34 ./Src/main.o
 .text.MX_RTC_Init
                0x0800cbec       0x4c ./Src/main.o
 .text.MX_SPI1_Init
                0x0800cc38       0x6c ./Src/main.o
 .text.MX_USART2_UART_Init
                0x0800cca4       0x54 ./Src/main.o
 .text.MX_DMA_Init
                0x0800ccf8       0x40 ./Src/main.o
 .text.MX_GPIO_Init
                0x0800cd38      0x108 ./Src/main.o
 .text.HAL_UART_TxCpltCallback
                0x0800ce40       0x24 ./Src/main.o
                0x0800ce40                HAL_UART_TxCpltCallback
 .text.StartDefaultTask
                0x0800ce64       0x10 ./Src/main.o
                0x0800ce64                StartDefaultTask
 .text.HAL_TIM_PeriodElapsedCallback
                0x0800ce74       0x24 ./Src/main.o
                0x0800ce74                HAL_TIM_PeriodElapsedCallback
 .text.Error_Handler
                0x0800ce98        0xc ./Src/main.o
                0x0800ce98                Error_Handler
 .text.HAL_MspInit
                0x0800cea4       0x58 ./Src/stm32f4xx_hal_msp.o
                0x0800cea4                HAL_MspInit
 .text.HAL_CRC_MspInit
                0x0800cefc       0x44 ./Src/stm32f4xx_hal_msp.o
                0x0800cefc                HAL_CRC_MspInit
 .text.HAL_I2C_MspInit
                0x0800cf40      0x11c ./Src/stm32f4xx_hal_msp.o
                0x0800cf40                HAL_I2C_MspInit
 .text.HAL_RTC_MspInit
                0x0800d05c       0x58 ./Src/stm32f4xx_hal_msp.o
                0x0800d05c                HAL_RTC_MspInit
 .text.HAL_SPI_MspInit
                0x0800d0b4       0x90 ./Src/stm32f4xx_hal_msp.o
                0x0800d0b4                HAL_SPI_MspInit
 .text.HAL_UART_MspInit
                0x0800d144       0xf4 ./Src/stm32f4xx_hal_msp.o
                0x0800d144                HAL_UART_MspInit
 .text.HAL_InitTick
                0x0800d238       0xe4 ./Src/stm32f4xx_hal_timebase_tim.o
                0x0800d238                HAL_InitTick
 .text.NMI_Handler
                0x0800d31c        0x8 ./Src/stm32f4xx_it.o
                0x0800d31c                NMI_Handler
 .text.HardFault_Handler
                0x0800d324        0x8 ./Src/stm32f4xx_it.o
                0x0800d324                HardFault_Handler
 .text.MemManage_Handler
                0x0800d32c        0x8 ./Src/stm32f4xx_it.o
                0x0800d32c                MemManage_Handler
 .text.BusFault_Handler
                0x0800d334        0x8 ./Src/stm32f4xx_it.o
                0x0800d334                BusFault_Handler
 .text.UsageFault_Handler
                0x0800d33c        0x8 ./Src/stm32f4xx_it.o
                0x0800d33c                UsageFault_Handler
 .text.DebugMon_Handler
                0x0800d344        0xe ./Src/stm32f4xx_it.o
                0x0800d344                DebugMon_Handler
 *fill*         0x0800d352        0x2 
 .text.DMA1_Stream6_IRQHandler
                0x0800d354       0x14 ./Src/stm32f4xx_it.o
                0x0800d354                DMA1_Stream6_IRQHandler
 .text.TIM1_TRG_COM_TIM11_IRQHandler
                0x0800d368       0x14 ./Src/stm32f4xx_it.o
                0x0800d368                TIM1_TRG_COM_TIM11_IRQHandler
 .text._getpid  0x0800d37c       0x10 ./Src/syscalls.o
                0x0800d37c                _getpid
 .text._kill    0x0800d38c       0x20 ./Src/syscalls.o
                0x0800d38c                _kill
 .text._exit    0x0800d3ac       0x16 ./Src/syscalls.o
                0x0800d3ac                _exit
 .text._read    0x0800d3c2       0x3a ./Src/syscalls.o
                0x0800d3c2                _read
 .text._write   0x0800d3fc       0x38 ./Src/syscalls.o
                0x0800d3fc                _write
 .text._close   0x0800d434       0x18 ./Src/syscalls.o
                0x0800d434                _close
 .text._fstat   0x0800d44c       0x20 ./Src/syscalls.o
                0x0800d44c                _fstat
 .text._isatty  0x0800d46c       0x16 ./Src/syscalls.o
                0x0800d46c                _isatty
 .text._lseek   0x0800d482       0x1a ./Src/syscalls.o
                0x0800d482                _lseek
 .text._sbrk    0x0800d49c       0x6c ./Src/sysmem.o
                0x0800d49c                _sbrk
 .text.SystemInit
                0x0800d508       0x24 ./Src/system_stm32f4xx.o
                0x0800d508                SystemInit
 .text.USER_initialize
                0x0800d52c       0x28 ./Src/user_diskio.o
                0x0800d52c                USER_initialize
 .text.USER_status
                0x0800d554       0x28 ./Src/user_diskio.o
                0x0800d554                USER_status
 .text.USER_read
                0x0800d57c       0x1e ./Src/user_diskio.o
                0x0800d57c                USER_read
 .text.USER_write
                0x0800d59a       0x1e ./Src/user_diskio.o
                0x0800d59a                USER_write
 .text.USER_ioctl
                0x0800d5b8       0x22 ./Src/user_diskio.o
                0x0800d5b8                USER_ioctl
 *fill*         0x0800d5da        0x2 
 .text.Reset_Handler
                0x0800d5dc       0x50 ./Startup/startup_stm32f411ceux.o
                0x0800d5dc                Reset_Handler
 .text.Default_Handler
                0x0800d62c        0x2 ./Startup/startup_stm32f411ceux.o
                0x0800d62c                RTC_Alarm_IRQHandler
                0x0800d62c                EXTI2_IRQHandler
                0x0800d62c                SPI4_IRQHandler
                0x0800d62c                TIM1_CC_IRQHandler
                0x0800d62c                DMA2_Stream5_IRQHandler
                0x0800d62c                DMA1_Stream5_IRQHandler
                0x0800d62c                PVD_IRQHandler
                0x0800d62c                SDIO_IRQHandler
                0x0800d62c                TAMP_STAMP_IRQHandler
                0x0800d62c                EXTI3_IRQHandler
                0x0800d62c                TIM1_UP_TIM10_IRQHandler
                0x0800d62c                I2C3_ER_IRQHandler
                0x0800d62c                EXTI0_IRQHandler
                0x0800d62c                I2C2_EV_IRQHandler
                0x0800d62c                DMA1_Stream2_IRQHandler
                0x0800d62c                FPU_IRQHandler
                0x0800d62c                DMA2_Stream2_IRQHandler
                0x0800d62c                SPI1_IRQHandler
                0x0800d62c                TIM1_BRK_TIM9_IRQHandler
                0x0800d62c                DMA2_Stream3_IRQHandler
                0x0800d62c                USART6_IRQHandler
                0x0800d62c                DMA2_Stream0_IRQHandler
                0x0800d62c                TIM4_IRQHandler
                0x0800d62c                I2C1_EV_IRQHandler
                0x0800d62c                DMA1_Stream1_IRQHandler
                0x0800d62c                TIM3_IRQHandler
                0x0800d62c                RCC_IRQHandler
                0x0800d62c                Default_Handler
                0x0800d62c                EXTI15_10_IRQHandler
                0x0800d62c                ADC_IRQHandler
                0x0800d62c                DMA1_Stream7_IRQHandler
                0x0800d62c                SPI5_IRQHandler
                0x0800d62c                TIM5_IRQHandler
                0x0800d62c                DMA2_Stream7_IRQHandler
                0x0800d62c                I2C3_EV_IRQHandler
                0x0800d62c                EXTI9_5_IRQHandler
                0x0800d62c                RTC_WKUP_IRQHandler
                0x0800d62c                SPI2_IRQHandler
                0x0800d62c                DMA1_Stream0_IRQHandler
                0x0800d62c                EXTI4_IRQHandler
                0x0800d62c                WWDG_IRQHandler
                0x0800d62c                TIM2_IRQHandler
                0x0800d62c                OTG_FS_WKUP_IRQHandler
                0x0800d62c                EXTI1_IRQHandler
                0x0800d62c                USART2_IRQHandler
                0x0800d62c                I2C2_ER_IRQHandler
                0x0800d62c                DMA2_Stream1_IRQHandler
                0x0800d62c                FLASH_IRQHandler
                0x0800d62c                DMA2_Stream4_IRQHandler
                0x0800d62c                USART1_IRQHandler
                0x0800d62c                OTG_FS_IRQHandler
                0x0800d62c                SPI3_IRQHandler
                0x0800d62c                DMA1_Stream4_IRQHandler
                0x0800d62c                I2C1_ER_IRQHandler
                0x0800d62c                DMA2_Stream6_IRQHandler
                0x0800d62c                DMA1_Stream3_IRQHandler
 .text.__cvt    0x0800d62e       0xca C:/ST/STM32CubeIDE_2.1.1/STM32CubeIDE/plugins/com.st.stm32cube.ide.mcu.externaltools.gnu-tools-for-stm32.14.3.rel1.win32_1.0.100.202602081740/tools/bin/../lib/gcc/arm-none-eabi/14.3.1/../../../../arm-none-eabi/lib/thumb/v7e-m+fp/hard\libc_nano.a(libc_a-nano-vfprintf_float.o)
                0x0800d62e                __cvt
 .text.__exponent
                0x0800d6f8       0x74 C:/ST/STM32CubeIDE_2.1.1/STM32CubeIDE/plugins/com.st.stm32cube.ide.mcu.externaltools.gnu-tools-for-stm32.14.3.rel1.win32_1.0.100.202602081740/tools/bin/../lib/gcc/arm-none-eabi/14.3.1/../../../../arm-none-eabi/lib/thumb/v7e-m+fp/hard\libc_nano.a(libc_a-nano-vfprintf_float.o)
                0x0800d6f8                __exponent
 .text._printf_float
                0x0800d76c      0x450 C:/ST/STM32CubeIDE_2.1.1/STM32CubeIDE/plugins/com.st.stm32cube.ide.mcu.externaltools.gnu-tools-for-stm32.14.3.rel1.win32_1.0.100.202602081740/tools/bin/../lib/gcc/arm-none-eabi/14.3.1/../../../../arm-none-eabi/lib/thumb/v7e-m+fp/hard\libc_nano.a(libc_a-nano-vfprintf_float.o)
                0x0800d76c                _printf_float
 .text._printf_common
                0x0800dbbc       0xda C:/ST/STM32CubeIDE_2.1.1/STM32CubeIDE/plugins/com.st.stm32cube.ide.mcu.externaltools.gnu-tools-for-stm32.14.3.rel1.win32_1.0.100.202602081740/tools/bin/../lib/gcc/arm-none-eabi/14.3.1/../../../../arm-none-eabi/lib/thumb/v7e-m+fp/hard\libc_nano.a(libc_a-nano-vfprintf_i.o)
                0x0800dbbc                _printf_common
 *fill*         0x0800dc96        0x2 
 .text._printf_i
                0x0800dc98      0x24c C:/ST/STM32CubeIDE_2.1.1/STM32CubeIDE/plugins/com.st.stm32cube.ide.mcu.externaltools.gnu-tools-for-stm32.14.3.rel1.win32_1.0.100.202602081740/tools/bin/../lib/gcc/arm-none-eabi/14.3.1/../../../../arm-none-eabi/lib/thumb/v7e-m+fp/hard\libc_nano.a(libc_a-nano-vfprintf_i.o)
                0x0800dc98                _printf_i
 .text.std      0x0800dee4       0x6c C:/ST/STM32CubeIDE_2.1.1/STM32CubeIDE/plugins/com.st.stm32cube.ide.mcu.externaltools.gnu-tools-for-stm32.14.3.rel1.win32_1.0.100.202602081740/tools/bin/../lib/gcc/arm-none-eabi/14.3.1/../../../../arm-none-eabi/lib/thumb/v7e-m+fp/hard\libc_nano.a(libc_a-findfp.o)
 .text.stdio_exit_handler
                0x0800df50       0x18 C:/ST/STM32CubeIDE_2.1.1/STM32CubeIDE/plugins/com.st.stm32cube.ide.mcu.externaltools.gnu-tools-for-stm32.14.3.rel1.win32_1.0.100.202602081740/tools/bin/../lib/gcc/arm-none-eabi/14.3.1/../../../../arm-none-eabi/lib/thumb/v7e-m+fp/hard\libc_nano.a(libc_a-findfp.o)
 .text.cleanup_stdio
                0x0800df68       0x40 C:/ST/STM32CubeIDE_2.1.1/STM32CubeIDE/plugins/com.st.stm32cube.ide.mcu.externaltools.gnu-tools-for-stm32.14.3.rel1.win32_1.0.100.202602081740/tools/bin/../lib/gcc/arm-none-eabi/14.3.1/../../../../arm-none-eabi/lib/thumb/v7e-m+fp/hard\libc_nano.a(libc_a-findfp.o)
 .text.global_stdio_init.part.0
                0x0800dfa8       0x40 C:/ST/STM32CubeIDE_2.1.1/STM32CubeIDE/plugins/com.st.stm32cube.ide.mcu.externaltools.gnu-tools-for-stm32.14.3.rel1.win32_1.0.100.202602081740/tools/bin/../lib/gcc/arm-none-eabi/14.3.1/../../../../arm-none-eabi/lib/thumb/v7e-m+fp/hard\libc_nano.a(libc_a-findfp.o)
 .text.__sfp_lock_acquire
                0x0800dfe8        0xc C:/ST/STM32CubeIDE_2.1.1/STM32CubeIDE/plugins/com.st.stm32cube.ide.mcu.externaltools.gnu-tools-for-stm32.14.3.rel1.win32_1.0.100.202602081740/tools/bin/../lib/gcc/arm-none-eabi/14.3.1/../../../../arm-none-eabi/lib/thumb/v7e-m+fp/hard\libc_nano.a(libc_a-findfp.o)
                0x0800dfe8                __sfp_lock_acquire
 .text.__sfp_lock_release
                0x0800dff4        0xc C:/ST/STM32CubeIDE_2.1.1/STM32CubeIDE/plugins/com.st.stm32cube.ide.mcu.externaltools.gnu-tools-for-stm32.14.3.rel1.win32_1.0.100.202602081740/tools/bin/../lib/gcc/arm-none-eabi/14.3.1/../../../../arm-none-eabi/lib/thumb/v7e-m+fp/hard\libc_nano.a(libc_a-findfp.o)
                0x0800dff4                __sfp_lock_release
 .text.__sinit  0x0800e000       0x30 C:/ST/STM32CubeIDE_2.1.1/STM32CubeIDE/plugins/com.st.stm32cube.ide.mcu.externaltools.gnu-tools-for-stm32.14.3.rel1.win32_1.0.100.202602081740/tools/bin/../lib/gcc/arm-none-eabi/14.3.1/../../../../arm-none-eabi/lib/thumb/v7e-m+fp/hard\libc_nano.a(libc_a-findfp.o)
                0x0800e000                __sinit
 .text._fwalk_sglue
                0x0800e030       0x3c C:/ST/STM32CubeIDE_2.1.1/STM32CubeIDE/plugins/com.st.stm32cube.ide.mcu.externaltools.gnu-tools-for-stm32.14.3.rel1.win32_1.0.100.202602081740/tools/bin/../lib/gcc/arm-none-eabi/14.3.1/../../../../arm-none-eabi/lib/thumb/v7e-m+fp/hard\libc_nano.a(libc_a-fwalk.o)
                0x0800e030                _fwalk_sglue
 .text.snprintf
                0x0800e06c       0x6c C:/ST/STM32CubeIDE_2.1.1/STM32CubeIDE/plugins/com.st.stm32cube.ide.mcu.externaltools.gnu-tools-for-stm32.14.3.rel1.win32_1.0.100.202602081740/tools/bin/../lib/gcc/arm-none-eabi/14.3.1/../../../../arm-none-eabi/lib/thumb/v7e-m+fp/hard\libc_nano.a(libc_a-snprintf.o)
                0x0800e06c                sniprintf
                0x0800e06c                snprintf
 .text.__sread  0x0800e0d8       0x22 C:/ST/STM32CubeIDE_2.1.1/STM32CubeIDE/plugins/com.st.stm32cube.ide.mcu.externaltools.gnu-tools-for-stm32.14.3.rel1.win32_1.0.100.202602081740/tools/bin/../lib/gcc/arm-none-eabi/14.3.1/../../../../arm-none-eabi/lib/thumb/v7e-m+fp/hard\libc_nano.a(libc_a-stdio.o)
                0x0800e0d8                __sread
 .text.__swrite
                0x0800e0fa       0x38 C:/ST/STM32CubeIDE_2.1.1/STM32CubeIDE/plugins/com.st.stm32cube.ide.mcu.externaltools.gnu-tools-for-stm32.14.3.rel1.win32_1.0.100.202602081740/tools/bin/../lib/gcc/arm-none-eabi/14.3.1/../../../../arm-none-eabi/lib/thumb/v7e-m+fp/hard\libc_nano.a(libc_a-stdio.o)
                0x0800e0fa                __swrite
 .text.__sseek  0x0800e132       0x26 C:/ST/STM32CubeIDE_2.1.1/STM32CubeIDE/plugins/com.st.stm32cube.ide.mcu.externaltools.gnu-tools-for-stm32.14.3.rel1.win32_1.0.100.202602081740/tools/bin/../lib/gcc/arm-none-eabi/14.3.1/../../../../arm-none-eabi/lib/thumb/v7e-m+fp/hard\libc_nano.a(libc_a-stdio.o)
                0x0800e132                __sseek
 .text.__sclose
                0x0800e158        0x8 C:/ST/STM32CubeIDE_2.1.1/STM32CubeIDE/plugins/com.st.stm32cube.ide.mcu.externaltools.gnu-tools-for-stm32.14.3.rel1.win32_1.0.100.202602081740/tools/bin/../lib/gcc/arm-none-eabi/14.3.1/../../../../arm-none-eabi/lib/thumb/v7e-m+fp/hard\libc_nano.a(libc_a-stdio.o)
                0x0800e158                __sclose
 .text.memset   0x0800e160       0x10 C:/ST/STM32CubeIDE_2.1.1/STM32CubeIDE/plugins/com.st.stm32cube.ide.mcu.externaltools.gnu-tools-for-stm32.14.3.rel1.win32_1.0.100.202602081740/tools/bin/../lib/gcc/arm-none-eabi/14.3.1/../../../../arm-none-eabi/lib/thumb/v7e-m+fp/hard\libc_nano.a(libc_a-memset.o)
                0x0800e160                memset
 .text._localeconv_r
                0x0800e170        0x8 C:/ST/STM32CubeIDE_2.1.1/STM32CubeIDE/plugins/com.st.stm32cube.ide.mcu.externaltools.gnu-tools-for-stm32.14.3.rel1.win32_1.0.100.202602081740/tools/bin/../lib/gcc/arm-none-eabi/14.3.1/../../../../arm-none-eabi/lib/thumb/v7e-m+fp/hard\libc_nano.a(libc_a-localeconv.o)
                0x0800e170                _localeconv_r
 .text._close_r
                0x0800e178       0x20 C:/ST/STM32CubeIDE_2.1.1/STM32CubeIDE/plugins/com.st.stm32cube.ide.mcu.externaltools.gnu-tools-for-stm32.14.3.rel1.win32_1.0.100.202602081740/tools/bin/../lib/gcc/arm-none-eabi/14.3.1/../../../../arm-none-eabi/lib/thumb/v7e-m+fp/hard\libc_nano.a(libc_a-closer.o)
                0x0800e178                _close_r
 .text._reclaim_reent
                0x0800e198       0xbc C:/ST/STM32CubeIDE_2.1.1/STM32CubeIDE/plugins/com.st.stm32cube.ide.mcu.externaltools.gnu-tools-for-stm32.14.3.rel1.win32_1.0.100.202602081740/tools/bin/../lib/gcc/arm-none-eabi/14.3.1/../../../../arm-none-eabi/lib/thumb/v7e-m+fp/hard\libc_nano.a(libc_a-reent.o)
                0x0800e198                _reclaim_reent
 .text._lseek_r
                0x0800e254       0x24 C:/ST/STM32CubeIDE_2.1.1/STM32CubeIDE/plugins/com.st.stm32cube.ide.mcu.externaltools.gnu-tools-for-stm32.14.3.rel1.win32_1.0.100.202602081740/tools/bin/../lib/gcc/arm-none-eabi/14.3.1/../../../../arm-none-eabi/lib/thumb/v7e-m+fp/hard\libc_nano.a(libc_a-lseekr.o)
                0x0800e254                _lseek_r
 .text._read_r  0x0800e278       0x24 C:/ST/STM32CubeIDE_2.1.1/STM32CubeIDE/plugins/com.st.stm32cube.ide.mcu.externaltools.gnu-tools-for-stm32.14.3.rel1.win32_1.0.100.202602081740/tools/bin/../lib/gcc/arm-none-eabi/14.3.1/../../../../arm-none-eabi/lib/thumb/v7e-m+fp/hard\libc_nano.a(libc_a-readr.o)
                0x0800e278                _read_r
 .text._write_r
                0x0800e29c       0x24 C:/ST/STM32CubeIDE_2.1.1/STM32CubeIDE/plugins/com.st.stm32cube.ide.mcu.externaltools.gnu-tools-for-stm32.14.3.rel1.win32_1.0.100.202602081740/tools/bin/../lib/gcc/arm-none-eabi/14.3.1/../../../../arm-none-eabi/lib/thumb/v7e-m+fp/hard\libc_nano.a(libc_a-writer.o)
                0x0800e29c                _write_r
 .text.__errno  0x0800e2c0        0xc C:/ST/STM32CubeIDE_2.1.1/STM32CubeIDE/plugins/com.st.stm32cube.ide.mcu.externaltools.gnu-tools-for-stm32.14.3.rel1.win32_1.0.100.202602081740/tools/bin/../lib/gcc/arm-none-eabi/14.3.1/../../../../arm-none-eabi/lib/thumb/v7e-m+fp/hard\libc_nano.a(libc_a-errno.o)
                0x0800e2c0                __errno
 .text.__libc_init_array
                0x0800e2cc       0x48 C:/ST/STM32CubeIDE_2.1.1/STM32CubeIDE/plugins/com.st.stm32cube.ide.mcu.externaltools.gnu-tools-for-stm32.14.3.rel1.win32_1.0.100.202602081740/tools/bin/../lib/gcc/arm-none-eabi/14.3.1/../../../../arm-none-eabi/lib/thumb/v7e-m+fp/hard\libc_nano.a(libc_a-init.o)
                0x0800e2cc                __libc_init_array
 .text.__retarget_lock_init_recursive
                0x0800e314        0x2 C:/ST/STM32CubeIDE_2.1.1/STM32CubeIDE/plugins/com.st.stm32cube.ide.mcu.externaltools.gnu-tools-for-stm32.14.3.rel1.win32_1.0.100.202602081740/tools/bin/../lib/gcc/arm-none-eabi/14.3.1/../../../../arm-none-eabi/lib/thumb/v7e-m+fp/hard\libc_nano.a(libc_a-lock.o)
                0x0800e314                __retarget_lock_init_recursive
 .text.__retarget_lock_acquire_recursive
                0x0800e316        0x2 C:/ST/STM32CubeIDE_2.1.1/STM32CubeIDE/plugins/com.st.stm32cube.ide.mcu.externaltools.gnu-tools-for-stm32.14.3.rel1.win32_1.0.100.202602081740/tools/bin/../lib/gcc/arm-none-eabi/14.3.1/../../../../arm-none-eabi/lib/thumb/v7e-m+fp/hard\libc_nano.a(libc_a-lock.o)
                0x0800e316                __retarget_lock_acquire_recursive
 .text.__retarget_lock_release_recursive
                0x0800e318        0x2 C:/ST/STM32CubeIDE_2.1.1/STM32CubeIDE/plugins/com.st.stm32cube.ide.mcu.externaltools.gnu-tools-for-stm32.14.3.rel1.win32_1.0.100.202602081740/tools/bin/../lib/gcc/arm-none-eabi/14.3.1/../../../../arm-none-eabi/lib/thumb/v7e-m+fp/hard\libc_nano.a(libc_a-lock.o)
                0x0800e318                __retarget_lock_release_recursive
 .text.memcpy   0x0800e31a       0x1c C:/ST/STM32CubeIDE_2.1.1/STM32CubeIDE/plugins/com.st.stm32cube.ide.mcu.externaltools.gnu-tools-for-stm32.14.3.rel1.win32_1.0.100.202602081740/tools/bin/../lib/gcc/arm-none-eabi/14.3.1/../../../../arm-none-eabi/lib/thumb/v7e-m+fp/hard\libc_nano.a(libc_a-memcpy-stub.o)
                0x0800e31a                memcpy
 .text.quorem   0x0800e336      0x110 C:/ST/STM32CubeIDE_2.1.1/STM32CubeIDE/plugins/com.st.stm32cube.ide.mcu.externaltools.gnu-tools-for-stm32.14.3.rel1.win32_1.0.100.202602081740/tools/bin/../lib/gcc/arm-none-eabi/14.3.1/../../../../arm-none-eabi/lib/thumb/v7e-m+fp/hard\libc_nano.a(libc_a-dtoa.o)
 *fill*         0x0800e446        0x2 
 .text._dtoa_r  0x0800e448      0xbb8 C:/ST/STM32CubeIDE_2.1.1/STM32CubeIDE/plugins/com.st.stm32cube.ide.mcu.externaltools.gnu-tools-for-stm32.14.3.rel1.win32_1.0.100.202602081740/tools/bin/../lib/gcc/arm-none-eabi/14.3.1/../../../../arm-none-eabi/lib/thumb/v7e-m+fp/hard\libc_nano.a(libc_a-dtoa.o)
                0x0800e448                _dtoa_r
 .text._free_r  0x0800f000       0x94 C:/ST/STM32CubeIDE_2.1.1/STM32CubeIDE/plugins/com.st.stm32cube.ide.mcu.externaltools.gnu-tools-for-stm32.14.3.rel1.win32_1.0.100.202602081740/tools/bin/../lib/gcc/arm-none-eabi/14.3.1/../../../../arm-none-eabi/lib/thumb/v7e-m+fp/hard\libc_nano.a(libc_a-freer.o)
                0x0800f000                _free_r
 .text.malloc   0x0800f094       0x10 C:/ST/STM32CubeIDE_2.1.1/STM32CubeIDE/plugins/com.st.stm32cube.ide.mcu.externaltools.gnu-tools-for-stm32.14.3.rel1.win32_1.0.100.202602081740/tools/bin/../lib/gcc/arm-none-eabi/14.3.1/../../../../arm-none-eabi/lib/thumb/v7e-m+fp/hard\libc_nano.a(libc_a-malloc.o)
                0x0800f094                malloc
 .text.sbrk_aligned
                0x0800f0a4       0x44 C:/ST/STM32CubeIDE_2.1.1/STM32CubeIDE/plugins/com.st.stm32cube.ide.mcu.externaltools.gnu-tools-for-stm32.14.3.rel1.win32_1.0.100.202602081740/tools/bin/../lib/gcc/arm-none-eabi/14.3.1/../../../../arm-none-eabi/lib/thumb/v7e-m+fp/hard\libc_nano.a(libc_a-mallocr.o)
 .text._malloc_r
                0x0800f0e8      0x100 C:/ST/STM32CubeIDE_2.1.1/STM32CubeIDE/plugins/com.st.stm32cube.ide.mcu.externaltools.gnu-tools-for-stm32.14.3.rel1.win32_1.0.100.202602081740/tools/bin/../lib/gcc/arm-none-eabi/14.3.1/../../../../arm-none-eabi/lib/thumb/v7e-m+fp/hard\libc_nano.a(libc_a-mallocr.o)
                0x0800f0e8                _malloc_r
 .text.__malloc_lock
                0x0800f1e8        0xc C:/ST/STM32CubeIDE_2.1.1/STM32CubeIDE/plugins/com.st.stm32cube.ide.mcu.externaltools.gnu-tools-for-stm32.14.3.rel1.win32_1.0.100.202602081740/tools/bin/../lib/gcc/arm-none-eabi/14.3.1/../../../../arm-none-eabi/lib/thumb/v7e-m+fp/hard\libc_nano.a(libc_a-mlock.o)
                0x0800f1e8                __malloc_lock
 .text.__malloc_unlock
                0x0800f1f4        0xc C:/ST/STM32CubeIDE_2.1.1/STM32CubeIDE/plugins/com.st.stm32cube.ide.mcu.externaltools.gnu-tools-for-stm32.14.3.rel1.win32_1.0.100.202602081740/tools/bin/../lib/gcc/arm-none-eabi/14.3.1/../../../../arm-none-eabi/lib/thumb/v7e-m+fp/hard\libc_nano.a(libc_a-mlock.o)
                0x0800f1f4                __malloc_unlock
 .text._Balloc  0x0800f200       0x7c C:/ST/STM32CubeIDE_2.1.1/STM32CubeIDE/plugins/com.st.stm32cube.ide.mcu.externaltools.gnu-tools-for-stm32.14.3.rel1.win32_1.0.100.202602081740/tools/bin/../lib/gcc/arm-none-eabi/14.3.1/../../../../arm-none-eabi/lib/thumb/v7e-m+fp/hard\libc_nano.a(libc_a-mprec.o)
                0x0800f200                _Balloc
 .text._Bfree   0x0800f27c       0x44 C:/ST/STM32CubeIDE_2.1.1/STM32CubeIDE/plugins/com.st.stm32cube.ide.mcu.externaltools.gnu-tools-for-stm32.14.3.rel1.win32_1.0.100.202602081740/tools/bin/../lib/gcc/arm-none-eabi/14.3.1/../../../../arm-none-eabi/lib/thumb/v7e-m+fp/hard\libc_nano.a(libc_a-mprec.o)
                0x0800f27c                _Bfree
 .text.__multadd
                0x0800f2c0       0x8c C:/ST/STM32CubeIDE_2.1.1/STM32CubeIDE/plugins/com.st.stm32cube.ide.mcu.externaltools.gnu-tools-for-stm32.14.3.rel1.win32_1.0.100.202602081740/tools/bin/../lib/gcc/arm-none-eabi/14.3.1/../../../../arm-none-eabi/lib/thumb/v7e-m+fp/hard\libc_nano.a(libc_a-mprec.o)
                0x0800f2c0                __multadd
 .text.__hi0bits
                0x0800f34c       0x3e C:/ST/STM32CubeIDE_2.1.1/STM32CubeIDE/plugins/com.st.stm32cube.ide.mcu.externaltools.gnu-tools-for-stm32.14.3.rel1.win32_1.0.100.202602081740/tools/bin/../lib/gcc/arm-none-eabi/14.3.1/../../../../arm-none-eabi/lib/thumb/v7e-m+fp/hard\libc_nano.a(libc_a-mprec.o)
                0x0800f34c                __hi0bits
 .text.__lo0bits
                0x0800f38a       0x5a C:/ST/STM32CubeIDE_2.1.1/STM32CubeIDE/plugins/com.st.stm32cube.ide.mcu.externaltools.gnu-tools-for-stm32.14.3.rel1.win32_1.0.100.202602081740/tools/bin/../lib/gcc/arm-none-eabi/14.3.1/../../../../arm-none-eabi/lib/thumb/v7e-m+fp/hard\libc_nano.a(libc_a-mprec.o)
                0x0800f38a                __lo0bits
 .text.__i2b    0x0800f3e4       0x2c C:/ST/STM32CubeIDE_2.1.1/STM32CubeIDE/plugins/com.st.stm32cube.ide.mcu.externaltools.gnu-tools-for-stm32.14.3.rel1.win32_1.0.100.202602081740/tools/bin/../lib/gcc/arm-none-eabi/14.3.1/../../../../arm-none-eabi/lib/thumb/v7e-m+fp/hard\libc_nano.a(libc_a-mprec.o)
                0x0800f3e4                __i2b
 .text.__multiply
                0x0800f410      0x154 C:/ST/STM32CubeIDE_2.1.1/STM32CubeIDE/plugins/com.st.stm32cube.ide.mcu.externaltools.gnu-tools-for-stm32.14.3.rel1.win32_1.0.100.202602081740/tools/bin/../lib/gcc/arm-none-eabi/14.3.1/../../../../arm-none-eabi/lib/thumb/v7e-m+fp/hard\libc_nano.a(libc_a-mprec.o)
                0x0800f410                __multiply
 .text.__pow5mult
                0x0800f564       0xb8 C:/ST/STM32CubeIDE_2.1.1/STM32CubeIDE/plugins/com.st.stm32cube.ide.mcu.externaltools.gnu-tools-for-stm32.14.3.rel1.win32_1.0.100.202602081740/tools/bin/../lib/gcc/arm-none-eabi/14.3.1/../../../../arm-none-eabi/lib/thumb/v7e-m+fp/hard\libc_nano.a(libc_a-mprec.o)
                0x0800f564                __pow5mult
 .text.__lshift
                0x0800f61c       0xdc C:/ST/STM32CubeIDE_2.1.1/STM32CubeIDE/plugins/com.st.stm32cube.ide.mcu.externaltools.gnu-tools-for-stm32.14.3.rel1.win32_1.0.100.202602081740/tools/bin/../lib/gcc/arm-none-eabi/14.3.1/../../../../arm-none-eabi/lib/thumb/v7e-m+fp/hard\libc_nano.a(libc_a-mprec.o)
                0x0800f61c                __lshift
 .text.__mcmp   0x0800f6f8       0x36 C:/ST/STM32CubeIDE_2.1.1/STM32CubeIDE/plugins/com.st.stm32cube.ide.mcu.externaltools.gnu-tools-for-stm32.14.3.rel1.win32_1.0.100.202602081740/tools/bin/../lib/gcc/arm-none-eabi/14.3.1/../../../../arm-none-eabi/lib/thumb/v7e-m+fp/hard\libc_nano.a(libc_a-mprec.o)
                0x0800f6f8                __mcmp
 *fill*         0x0800f72e        0x2 
 .text.__mdiff  0x0800f730      0x130 C:/ST/STM32CubeIDE_2.1.1/STM32CubeIDE/plugins/com.st.stm32cube.ide.mcu.externaltools.gnu-tools-for-stm32.14.3.rel1.win32_1.0.100.202602081740/tools/bin/../lib/gcc/arm-none-eabi/14.3.1/../../../../arm-none-eabi/lib/thumb/v7e-m+fp/hard\libc_nano.a(libc_a-mprec.o)
                0x0800f730                __mdiff
 .text.__d2b    0x0800f860       0xb0 C:/ST/STM32CubeIDE_2.1.1/STM32CubeIDE/plugins/com.st.stm32cube.ide.mcu.externaltools.gnu-tools-for-stm32.14.3.rel1.win32_1.0.100.202602081740/tools/bin/../lib/gcc/arm-none-eabi/14.3.1/../../../../arm-none-eabi/lib/thumb/v7e-m+fp/hard\libc_nano.a(libc_a-mprec.o)
                0x0800f860                __d2b
 .text.__ssputs_r
                0x0800f910       0xc0 C:/ST/STM32CubeIDE_2.1.1/STM32CubeIDE/plugins/com.st.stm32cube.ide.mcu.externaltools.gnu-tools-for-stm32.14.3.rel1.win32_1.0.100.202602081740/tools/bin/../lib/gcc/arm-none-eabi/14.3.1/../../../../arm-none-eabi/lib/thumb/v7e-m+fp/hard\libc_nano.a(libc_a-nano-svfprintf.o)
                0x0800f910                __ssputs_r
 .text._svfprintf_r
                0x0800f9d0      0x1f0 C:/ST/STM32CubeIDE_2.1.1/STM32CubeIDE/plugins/com.st.stm32cube.ide.mcu.externaltools.gnu-tools-for-stm32.14.3.rel1.win32_1.0.100.202602081740/tools/bin/../lib/gcc/arm-none-eabi/14.3.1/../../../../arm-none-eabi/lib/thumb/v7e-m+fp/hard\libc_nano.a(libc_a-nano-svfprintf.o)
                0x0800f9d0                _svfiprintf_r
                0x0800f9d0                _svfprintf_r
 .text.__sflush_r
                0x0800fbc0      0x104 C:/ST/STM32CubeIDE_2.1.1/STM32CubeIDE/plugins/com.st.stm32cube.ide.mcu.externaltools.gnu-tools-for-stm32.14.3.rel1.win32_1.0.100.202602081740/tools/bin/../lib/gcc/arm-none-eabi/14.3.1/../../../../arm-none-eabi/lib/thumb/v7e-m+fp/hard\libc_nano.a(libc_a-fflush.o)
                0x0800fbc0                __sflush_r
 .text._fflush_r
                0x0800fcc4       0x50 C:/ST/STM32CubeIDE_2.1.1/STM32CubeIDE/plugins/com.st.stm32cube.ide.mcu.externaltools.gnu-tools-for-stm32.14.3.rel1.win32_1.0.100.202602081740/tools/bin/../lib/gcc/arm-none-eabi/14.3.1/../../../../arm-none-eabi/lib/thumb/v7e-m+fp/hard\libc_nano.a(libc_a-fflush.o)
                0x0800fcc4                _fflush_r
 .text.memmove  0x0800fd14       0x32 C:/ST/STM32CubeIDE_2.1.1/STM32CubeIDE/plugins/com.st.stm32cube.ide.mcu.externaltools.gnu-tools-for-stm32.14.3.rel1.win32_1.0.100.202602081740/tools/bin/../lib/gcc/arm-none-eabi/14.3.1/../../../../arm-none-eabi/lib/thumb/v7e-m+fp/hard\libc_nano.a(libc_a-memmove.o)
                0x0800fd14                memmove
 *fill*         0x0800fd46        0x2 
 .text._sbrk_r  0x0800fd48       0x20 C:/ST/STM32CubeIDE_2.1.1/STM32CubeIDE/plugins/com.st.stm32cube.ide.mcu.externaltools.gnu-tools-for-stm32.14.3.rel1.win32_1.0.100.202602081740/tools/bin/../lib/gcc/arm-none-eabi/14.3.1/../../../../arm-none-eabi/lib/thumb/v7e-m+fp/hard\libc_nano.a(libc_a-sbrkr.o)
                0x0800fd48                _sbrk_r
 .text.__assert_func
                0x0800fd68       0x3c C:/ST/STM32CubeIDE_2.1.1/STM32CubeIDE/plugins/com.st.stm32cube.ide.mcu.externaltools.gnu-tools-for-stm32.14.3.rel1.win32_1.0.100.202602081740/tools/bin/../lib/gcc/arm-none-eabi/14.3.1/../../../../arm-none-eabi/lib/thumb/v7e-m+fp/hard\libc_nano.a(libc_a-assert.o)
                0x0800fd68                __assert_func
 .text._calloc_r
                0x0800fda4       0x28 C:/ST/STM32CubeIDE_2.1.1/STM32CubeIDE/plugins/com.st.stm32cube.ide.mcu.externaltools.gnu-tools-for-stm32.14.3.rel1.win32_1.0.100.202602081740/tools/bin/../lib/gcc/arm-none-eabi/14.3.1/../../../../arm-none-eabi/lib/thumb/v7e-m+fp/hard\libc_nano.a(libc_a-callocr.o)
                0x0800fda4                _calloc_r
 .text.__ascii_mbtowc
                0x0800fdcc       0x24 C:/ST/STM32CubeIDE_2.1.1/STM32CubeIDE/plugins/com.st.stm32cube.ide.mcu.externaltools.gnu-tools-for-stm32.14.3.rel1.win32_1.0.100.202602081740/tools/bin/../lib/gcc/arm-none-eabi/14.3.1/../../../../arm-none-eabi/lib/thumb/v7e-m+fp/hard\libc_nano.a(libc_a-mbtowc_r.o)
                0x0800fdcc                __ascii_mbtowc
 .text._realloc_r
                0x0800fdf0       0x5c C:/ST/STM32CubeIDE_2.1.1/STM32CubeIDE/plugins/com.st.stm32cube.ide.mcu.externaltools.gnu-tools-for-stm32.14.3.rel1.win32_1.0.100.202602081740/tools/bin/../lib/gcc/arm-none-eabi/14.3.1/../../../../arm-none-eabi/lib/thumb/v7e-m+fp/hard\libc_nano.a(libc_a-reallocr.o)
                0x0800fdf0                _realloc_r
 .text.__ascii_wctomb
                0x0800fe4c       0x1a C:/ST/STM32CubeIDE_2.1.1/STM32CubeIDE/plugins/com.st.stm32cube.ide.mcu.externaltools.gnu-tools-for-stm32.14.3.rel1.win32_1.0.100.202602081740/tools/bin/../lib/gcc/arm-none-eabi/14.3.1/../../../../arm-none-eabi/lib/thumb/v7e-m+fp/hard\libc_nano.a(libc_a-wctomb_r.o)
                0x0800fe4c                __ascii_wctomb
 *fill*         0x0800fe66        0x2 
 .text.fprintf  0x0800fe68       0x24 C:/ST/STM32CubeIDE_2.1.1/STM32CubeIDE/plugins/com.st.stm32cube.ide.mcu.externaltools.gnu-tools-for-stm32.14.3.rel1.win32_1.0.100.202602081740/tools/bin/../lib/gcc/arm-none-eabi/14.3.1/../../../../arm-none-eabi/lib/thumb/v7e-m+fp/hard\libc_nano.a(libc_a-fprintf.o)
                0x0800fe68                fiprintf
                0x0800fe68                fprintf
 .text.abort    0x0800fe8c        0xe C:/ST/STM32CubeIDE_2.1.1/STM32CubeIDE/plugins/com.st.stm32cube.ide.mcu.externaltools.gnu-tools-for-stm32.14.3.rel1.win32_1.0.100.202602081740/tools/bin/../lib/gcc/arm-none-eabi/14.3.1/../../../../arm-none-eabi/lib/thumb/v7e-m+fp/hard\libc_nano.a(libc_a-abort.o)
                0x0800fe8c                abort
 .text._malloc_usable_size_r
                0x0800fe9a       0x10 C:/ST/STM32CubeIDE_2.1.1/STM32CubeIDE/plugins/com.st.stm32cube.ide.mcu.externaltools.gnu-tools-for-stm32.14.3.rel1.win32_1.0.100.202602081740/tools/bin/../lib/gcc/arm-none-eabi/14.3.1/../../../../arm-none-eabi/lib/thumb/v7e-m+fp/hard\libc_nano.a(libc_a-msizer.o)
                0x0800fe9a                _malloc_usable_size_r
 .text.__sfputc_r
                0x0800feaa       0x2e C:/ST/STM32CubeIDE_2.1.1/STM32CubeIDE/plugins/com.st.stm32cube.ide.mcu.externaltools.gnu-tools-for-stm32.14.3.rel1.win32_1.0.100.202602081740/tools/bin/../lib/gcc/arm-none-eabi/14.3.1/../../../../arm-none-eabi/lib/thumb/v7e-m+fp/hard\libc_nano.a(libc_a-nano-vfprintf.o)
 .text.__sfputs_r
                0x0800fed8       0x24 C:/ST/STM32CubeIDE_2.1.1/STM32CubeIDE/plugins/com.st.stm32cube.ide.mcu.externaltools.gnu-tools-for-stm32.14.3.rel1.win32_1.0.100.202602081740/tools/bin/../lib/gcc/arm-none-eabi/14.3.1/../../../../arm-none-eabi/lib/thumb/v7e-m+fp/hard\libc_nano.a(libc_a-nano-vfprintf.o)
                0x0800fed8                __sfputs_r
 .text._vfprintf_r
                0x0800fefc      0x228 C:/ST/STM32CubeIDE_2.1.1/STM32CubeIDE/plugins/com.st.stm32cube.ide.mcu.externaltools.gnu-tools-for-stm32.14.3.rel1.win32_1.0.100.202602081740/tools/bin/../lib/gcc/arm-none-eabi/14.3.1/../../../../arm-none-eabi/lib/thumb/v7e-m+fp/hard\libc_nano.a(libc_a-nano-vfprintf.o)
                0x0800fefc                _vfprintf_r
                0x0800fefc                _vfiprintf_r
 .text.__swbuf_r
                0x08010124       0x7c C:/ST/STM32CubeIDE_2.1.1/STM32CubeIDE/plugins/com.st.stm32cube.ide.mcu.externaltools.gnu-tools-for-stm32.14.3.rel1.win32_1.0.100.202602081740/tools/bin/../lib/gcc/arm-none-eabi/14.3.1/../../../../arm-none-eabi/lib/thumb/v7e-m+fp/hard\libc_nano.a(libc_a-wbuf.o)
                0x08010124                __swbuf_r
 .text.__swsetup_r
                0x080101a0       0xa8 C:/ST/STM32CubeIDE_2.1.1/STM32CubeIDE/plugins/com.st.stm32cube.ide.mcu.externaltools.gnu-tools-for-stm32.14.3.rel1.win32_1.0.100.202602081740/tools/bin/../lib/gcc/arm-none-eabi/14.3.1/../../../../arm-none-eabi/lib/thumb/v7e-m+fp/hard\libc_nano.a(libc_a-wsetup.o)
                0x080101a0                __swsetup_r
 .text._raise_r
                0x08010248       0x50 C:/ST/STM32CubeIDE_2.1.1/STM32CubeIDE/plugins/com.st.stm32cube.ide.mcu.externaltools.gnu-tools-for-stm32.14.3.rel1.win32_1.0.100.202602081740/tools/bin/../lib/gcc/arm-none-eabi/14.3.1/../../../../arm-none-eabi/lib/thumb/v7e-m+fp/hard\libc_nano.a(libc_a-signal.o)
                0x08010248                _raise_r
 .text.raise    0x08010298       0x10 C:/ST/STM32CubeIDE_2.1.1/STM32CubeIDE/plugins/com.st.stm32cube.ide.mcu.externaltools.gnu-tools-for-stm32.14.3.rel1.win32_1.0.100.202602081740/tools/bin/../lib/gcc/arm-none-eabi/14.3.1/../../../../arm-none-eabi/lib/thumb/v7e-m+fp/hard\libc_nano.a(libc_a-signal.o)
                0x08010298                raise
 .text._kill_r  0x080102a8       0x24 C:/ST/STM32CubeIDE_2.1.1/STM32CubeIDE/plugins/com.st.stm32cube.ide.mcu.externaltools.gnu-tools-for-stm32.14.3.rel1.win32_1.0.100.202602081740/tools/bin/../lib/gcc/arm-none-eabi/14.3.1/../../../../arm-none-eabi/lib/thumb/v7e-m+fp/hard\libc_nano.a(libc_a-signalr.o)
                0x080102a8                _kill_r
 .text._getpid_r
                0x080102cc        0x4 C:/ST/STM32CubeIDE_2.1.1/STM32CubeIDE/plugins/com.st.stm32cube.ide.mcu.externaltools.gnu-tools-for-stm32.14.3.rel1.win32_1.0.100.202602081740/tools/bin/../lib/gcc/arm-none-eabi/14.3.1/../../../../arm-none-eabi/lib/thumb/v7e-m+fp/hard\libc_nano.a(libc_a-signalr.o)
                0x080102cc                _getpid_r
 .text.__swhatbuf_r
                0x080102d0       0x48 C:/ST/STM32CubeIDE_2.1.1/STM32CubeIDE/plugins/com.st.stm32cube.ide.mcu.externaltools.gnu-tools-for-stm32.14.3.rel1.win32_1.0.100.202602081740/tools/bin/../lib/gcc/arm-none-eabi/14.3.1/../../../../arm-none-eabi/lib/thumb/v7e-m+fp/hard\libc_nano.a(libc_a-makebuf.o)
                0x080102d0                __swhatbuf_r
 .text.__smakebuf_r
                0x08010318       0x72 C:/ST/STM32CubeIDE_2.1.1/STM32CubeIDE/plugins/com.st.stm32cube.ide.mcu.externaltools.gnu-tools-for-stm32.14.3.rel1.win32_1.0.100.202602081740/tools/bin/../lib/gcc/arm-none-eabi/14.3.1/../../../../arm-none-eabi/lib/thumb/v7e-m+fp/hard\libc_nano.a(libc_a-makebuf.o)
                0x08010318                __smakebuf_r
 *fill*         0x0801038a        0x2 
 .text._fstat_r
                0x0801038c       0x24 C:/ST/STM32CubeIDE_2.1.1/STM32CubeIDE/plugins/com.st.stm32cube.ide.mcu.externaltools.gnu-tools-for-stm32.14.3.rel1.win32_1.0.100.202602081740/tools/bin/../lib/gcc/arm-none-eabi/14.3.1/../../../../arm-none-eabi/lib/thumb/v7e-m+fp/hard\libc_nano.a(libc_a-fstatr.o)
                0x0801038c                _fstat_r
 .text._isatty_r
                0x080103b0       0x20 C:/ST/STM32CubeIDE_2.1.1/STM32CubeIDE/plugins/com.st.stm32cube.ide.mcu.externaltools.gnu-tools-for-stm32.14.3.rel1.win32_1.0.100.202602081740/tools/bin/../lib/gcc/arm-none-eabi/14.3.1/../../../../arm-none-eabi/lib/thumb/v7e-m+fp/hard\libc_nano.a(libc_a-isattyr.o)
                0x080103b0                _isatty_r
 *(.glue_7)
 .glue_7        0x080103d0        0x0 linker stubs
 *(.glue_7t)
 .glue_7t       0x080103d0        0x0 linker stubs
 *(.eh_frame)
 .eh_frame      0x080103d0        0x0 C:/ST/STM32CubeIDE_2.1.1/STM32CubeIDE/plugins/com.st.stm32cube.ide.mcu.externaltools.gnu-tools-for-stm32.14.3.rel1.win32_1.0.100.202602081740/tools/bin/../lib/gcc/arm-none-eabi/14.3.1/thumb/v7e-m+fp/hard/crtbegin.o
 *(.init)
 .init          0x080103d0        0x4 C:/ST/STM32CubeIDE_2.1.1/STM32CubeIDE/plugins/com.st.stm32cube.ide.mcu.externaltools.gnu-tools-for-stm32.14.3.rel1.win32_1.0.100.202602081740/tools/bin/../lib/gcc/arm-none-eabi/14.3.1/thumb/v7e-m+fp/hard/crti.o
                0x080103d0                _init
 .init          0x080103d4        0x8 C:/ST/STM32CubeIDE_2.1.1/STM32CubeIDE/plugins/com.st.stm32cube.ide.mcu.externaltools.gnu-tools-for-stm32.14.3.rel1.win32_1.0.100.202602081740/tools/bin/../lib/gcc/arm-none-eabi/14.3.1/thumb/v7e-m+fp/hard/crtn.o
 *(.fini)
 .fini          0x080103dc        0x4 C:/ST/STM32CubeIDE_2.1.1/STM32CubeIDE/plugins/com.st.stm32cube.ide.mcu.externaltools.gnu-tools-for-stm32.14.3.rel1.win32_1.0.100.202602081740/tools/bin/../lib/gcc/arm-none-eabi/14.3.1/thumb/v7e-m+fp/hard/crti.o
                0x080103dc                _fini
 .fini          0x080103e0        0x8 C:/ST/STM32CubeIDE_2.1.1/STM32CubeIDE/plugins/com.st.stm32cube.ide.mcu.externaltools.gnu-tools-for-stm32.14.3.rel1.win32_1.0.100.202602081740/tools/bin/../lib/gcc/arm-none-eabi/14.3.1/thumb/v7e-m+fp/hard/crtn.o
                0x080103e8                        . = ALIGN (0x4)
                0x080103e8                        _etext = .

.vfp11_veneer   0x080103e8        0x0
 .vfp11_veneer  0x080103e8        0x0 linker stubs

.v4_bx          0x080103e8        0x0
 .v4_bx         0x080103e8        0x0 linker stubs

.iplt           0x080103e8        0x0
 .iplt          0x080103e8        0x0 C:/ST/STM32CubeIDE_2.1.1/STM32CubeIDE/plugins/com.st.stm32cube.ide.mcu.externaltools.gnu-tools-for-stm32.14.3.rel1.win32_1.0.100.202602081740/tools/bin/../lib/gcc/arm-none-eabi/14.3.1/thumb/v7e-m+fp/hard/crtbegin.o

.rodata         0x080103e8      0x974
                0x080103e8                        . = ALIGN (0x4)
 *(.rodata)
 .rodata        0x080103e8       0x48 ./Middlewares/Third_Party/FatFs/src/ff.o
 .rodata        0x08010430        0x5 ./Middlewares/Third_Party/FreeRTOS/Source/tasks.o
 *fill*         0x08010435        0x3 
 .rodata        0x08010438        0xd ./Middlewares/Third_Party/FreeRTOS/Source/timers.o
 *fill*         0x08010445        0x3 
 .rodata        0x08010448      0x10e ./Src/freertos_tasks.o
 *fill*         0x08010556        0x2 
 .rodata        0x08010558        0xc ./Src/main.o
 *(.rodata*)
 .rodata.flagBitshiftOffset.0
                0x08010564        0x8 ./Drivers/STM32F4xx_HAL_Driver/Src/stm32f4xx_hal_dma.o
 .rodata.ExCvt  0x0801056c       0x80 ./Middlewares/Third_Party/FatFs/src/ff.o
 .rodata.LfnOfs
                0x080105ec        0xd ./Middlewares/Third_Party/FatFs/src/ff.o
 *fill*         0x080105f9        0x3 
 .rodata.Tbl    0x080105fc      0x100 ./Middlewares/Third_Party/FatFs/src/option/ccsbcs.o
 .rodata.cvt1.1
                0x080106fc      0x1f2 ./Middlewares/Third_Party/FatFs/src/option/ccsbcs.o
 *fill*         0x080108ee        0x2 
 .rodata.cvt2.0
                0x080108f0       0xbc ./Middlewares/Third_Party/FatFs/src/option/ccsbcs.o
 .rodata.defaultTask_attributes
                0x080109ac       0x24 ./Src/main.o
                0x080109ac                defaultTask_attributes
 .rodata.AHBPrescTable
                0x080109d0       0x10 ./Src/system_stm32f4xx.o
                0x080109d0                AHBPrescTable
 .rodata.APBPrescTable
                0x080109e0        0x8 ./Src/system_stm32f4xx.o
                0x080109e0                APBPrescTable
 .rodata._printf_float.str1.1
                0x080109e8      0x171 C:/ST/STM32CubeIDE_2.1.1/STM32CubeIDE/plugins/com.st.stm32cube.ide.mcu.externaltools.gnu-tools-for-stm32.14.3.rel1.win32_1.0.100.202602081740/tools/bin/../lib/gcc/arm-none-eabi/14.3.1/../../../../arm-none-eabi/lib/thumb/v7e-m+fp/hard\libc_nano.a(libc_a-nano-vfprintf_float.o)
                                 0x12 (size before relaxing)
 .rodata._printf_i.str1.1
                0x08010b59       0x22 C:/ST/STM32CubeIDE_2.1.1/STM32CubeIDE/plugins/com.st.stm32cube.ide.mcu.externaltools.gnu-tools-for-stm32.14.3.rel1.win32_1.0.100.202602081740/tools/bin/../lib/gcc/arm-none-eabi/14.3.1/../../../../arm-none-eabi/lib/thumb/v7e-m+fp/hard\libc_nano.a(libc_a-nano-vfprintf_i.o)
 .rodata._dtoa_r.str1.1
                0x08010b59       0x8f C:/ST/STM32CubeIDE_2.1.1/STM32CubeIDE/plugins/com.st.stm32cube.ide.mcu.externaltools.gnu-tools-for-stm32.14.3.rel1.win32_1.0.100.202602081740/tools/bin/../lib/gcc/arm-none-eabi/14.3.1/../../../../arm-none-eabi/lib/thumb/v7e-m+fp/hard\libc_nano.a(libc_a-dtoa.o)
 .rodata._Balloc.str1.1